Archive member included to satisfy reference by file (symbol)

app/libapp.a(main.c.obj)      (--whole-archive)
zephyr/libzephyr.a(crc32_sw.c.obj)
                              (--whole-archive)
zephyr/libzephyr.a(crc16_sw.c.obj)
                              (--whole-archive)
zephyr/libzephyr.a(crc8_sw.c.obj)
                              (--whole-archive)
zephyr/libzephyr.a(crc7_sw.c.obj)
                              (--whole-archive)
zephyr/libzephyr.a(dec.c.obj)
                              (--whole-archive)
zephyr/libzephyr.a(fdtable.c.obj)
                              (--whole-archive)
zephyr/libzephyr.a(hex.c.obj)
                              (--whole-archive)
zephyr/libzephyr.a(mempool.c.obj)
                              (--whole-archive)
zephyr/libzephyr.a(notify.c.obj)
                              (--whole-archive)
zephyr/libzephyr.a(printk.c.obj)
                              (--whole-archive)
zephyr/libzephyr.a(onoff.c.obj)
                              (--whole-archive)
zephyr/libzephyr.a(rb.c.obj)  (--whole-archive)
zephyr/libzephyr.a(sem.c.obj)
                              (--whole-archive)
zephyr/libzephyr.a(thread_entry.c.obj)
                              (--whole-archive)
zephyr/libzephyr.a(timeutil.c.obj)
                              (--whole-archive)
zephyr/libzephyr.a(work_q.c.obj)
                              (--whole-archive)
zephyr/libzephyr.a(heap.c.obj)
                              (--whole-archive)
zephyr/libzephyr.a(heap-validate.c.obj)
                              (--whole-archive)
zephyr/libzephyr.a(prf.c.obj)
                              (--whole-archive)
zephyr/libzephyr.a(configs.c.obj)
                              (--whole-archive)
zephyr/libzephyr.a(soc.c.obj)
                              (--whole-archive)
zephyr/libzephyr.a(esp32-mp.c.obj)
                              (--whole-archive)
zephyr/libzephyr.a(uart_console.c.obj)
                              (--whole-archive)
zephyr/libzephyr.a(clock_control_esp32.c.obj)
                              (--whole-archive)
zephyr/libzephyr.a(pinmux_esp32.c.obj)
                              (--whole-archive)
zephyr/libzephyr.a(sys_clock_init.c.obj)
                              (--whole-archive)
zephyr/libzephyr.a(xtensa_sys_timer.c.obj)
                              (--whole-archive)
zephyr/arch/common/libarch__common.a(sw_isr_common.c.obj)
                              (--whole-archive)
zephyr/arch/arch/xtensa/core/libarch__xtensa__core.a(cpu_idle.c.obj)
                              (--whole-archive)
zephyr/arch/arch/xtensa/core/libarch__xtensa__core.a(fatal.c.obj)
                              (--whole-archive)
zephyr/arch/arch/xtensa/core/libarch__xtensa__core.a(window_vectors.S.obj)
                              (--whole-archive)
zephyr/arch/arch/xtensa/core/libarch__xtensa__core.a(xtensa-asm2-util.S.obj)
                              (--whole-archive)
zephyr/arch/arch/xtensa/core/libarch__xtensa__core.a(xtensa-asm2.c.obj)
                              (--whole-archive)
zephyr/arch/arch/xtensa/core/libarch__xtensa__core.a(irq_manage.c.obj)
                              (--whole-archive)
zephyr/arch/arch/xtensa/core/libarch__xtensa__core.a(atomic.S.obj)
                              (--whole-archive)
zephyr/lib/libc/minimal/liblib__libc__minimal.a(atoi.c.obj)
                              (--whole-archive)
zephyr/lib/libc/minimal/liblib__libc__minimal.a(strtol.c.obj)
                              (--whole-archive)
zephyr/lib/libc/minimal/liblib__libc__minimal.a(strtoul.c.obj)
                              (--whole-archive)
zephyr/lib/libc/minimal/liblib__libc__minimal.a(malloc.c.obj)
                              (--whole-archive)
zephyr/lib/libc/minimal/liblib__libc__minimal.a(bsearch.c.obj)
                              (--whole-archive)
zephyr/lib/libc/minimal/liblib__libc__minimal.a(exit.c.obj)
                              (--whole-archive)
zephyr/lib/libc/minimal/liblib__libc__minimal.a(strncasecmp.c.obj)
                              (--whole-archive)
zephyr/lib/libc/minimal/liblib__libc__minimal.a(strstr.c.obj)
                              (--whole-archive)
zephyr/lib/libc/minimal/liblib__libc__minimal.a(string.c.obj)
                              (--whole-archive)
zephyr/lib/libc/minimal/liblib__libc__minimal.a(strspn.c.obj)
                              (--whole-archive)
zephyr/lib/libc/minimal/liblib__libc__minimal.a(stdout_console.c.obj)
                              (--whole-archive)
zephyr/lib/libc/minimal/liblib__libc__minimal.a(sprintf.c.obj)
                              (--whole-archive)
zephyr/lib/libc/minimal/liblib__libc__minimal.a(fprintf.c.obj)
                              (--whole-archive)
zephyr/lib/libc/minimal/liblib__libc__minimal.a(gmtime.c.obj)
                              (--whole-archive)
zephyr/lib/posix/liblib__posix.a(pthread_common.c.obj)
                              (--whole-archive)
zephyr/lib/posix/liblib__posix.a(nanosleep.c.obj)
[...]
Memory Configuration

Name             Origin             Length             Attributes
iram0_0_seg      0x0000000040080000 0x0000000000020000 xr
iram0_2_seg      0x00000000400d0018 0x0000000000330000 xr
dram0_0_seg      0x000000003ffb0000 0x0000000000050000 rw
drom0_0_seg      0x000000003f400010 0x0000000000800000 r
rtc_iram_seg     0x00000000400c0000 0x0000000000002000 xrw
rtc_slow_seg     0x0000000050000000 0x0000000000001000 rw
IDT_LIST         0x000000003ebfe010 0x0000000000002000 rw
*default*        0x0000000000000000 0xffffffffffffffff

Linker script and memory map

LOAD zephyr/CMakeFiles/zephyr_prebuilt.dir/misc/empty_file.c.obj
                [!provide]                        PROVIDE (__stack = 0x3ffe3f20)
                0x0000000040009200                PROVIDE (esp32_rom_uart_tx_one_char = 0x40009200)
                [!provide]                        PROVIDE (esp32_rom_uart_rx_one_char = 0x400092d0)
                [!provide]                        PROVIDE (esp32_rom_uart_attach = 0x40008fd0)
                0x0000000040009278                PROVIDE (esp32_rom_uart_tx_wait_idle = 0x40009278)
                0x000000004000681c                PROVIDE (esp32_rom_intr_matrix_set = 0x4000681c)
                0x0000000040009edc                PROVIDE (esp32_rom_gpio_matrix_in = 0x40009edc)
                0x0000000040009f0c                PROVIDE (esp32_rom_gpio_matrix_out = 0x40009f0c)
                0x0000000040009a14                PROVIDE (esp32_rom_Cache_Flush = 0x40009a14)
                0x0000000040009a84                PROVIDE (esp32_rom_Cache_Read_Enable = 0x40009a84)
                0x000000004000689c                PROVIDE (esp32_rom_ets_set_appcpu_boot_addr = 0x4000689c)
                [!provide]                        PROVIDE (esp32_rom_i2c_readReg = 0x40004148)
                0x00000000400041a4                PROVIDE (esp32_rom_i2c_writeReg = 0x400041a4)
                [!provide]                        PROVIDE (_ResetVector = 0x40000400)
                0x0000000000000000                _rom_store_table = 0x0
                [!provide]                        PROVIDE (_memmap_vecbase_reset = 0x40000450)
                [!provide]                        PROVIDE (_memmap_reset_vector = 0x40000400)

.rel.plt        0x0000000000000000        0x0
 *(SORT_BY_ALIGNMENT(.rel.plt))
                [!provide]                        PROVIDE (__rel_iplt_start = .)
 *(SORT_BY_ALIGNMENT(.rel.iplt))
                [!provide]                        PROVIDE (__rel_iplt_end = .)

.rela.plt       0x0000000000000000        0x0
 *(SORT_BY_ALIGNMENT(.rela.plt))
                [!provide]                        PROVIDE (__rela_iplt_start = .)
 *(SORT_BY_ALIGNMENT(.rela.iplt))
                [!provide]                        PROVIDE (__rela_iplt_end = .)

.rel.dyn
 *(SORT_BY_ALIGNMENT(.rel.*))

.rela.dyn
 *(SORT_BY_ALIGNMENT(.rela.*))

.rtc.text       0x00000000400c0000        0x0
                0x00000000400c0000                . = ALIGN (0x4)
 *(SORT_BY_ALIGNMENT(.rtc.literal) SORT_BY_ALIGNMENT(.rtc.text))
 *rtc_wake_stub*.o(SORT_BY_ALIGNMENT(.literal) SORT_BY_ALIGNMENT(.text) SORT_BY_ALIGNMENT(.literal.*) SORT_BY_ALIGNMENT(.text.*))

.rtc.data       0x0000000050000000        0x0
                0x0000000050000000                _rtc_data_start = ABSOLUTE (.)
 *(SORT_BY_ALIGNMENT(.rtc.data))
 *(SORT_BY_ALIGNMENT(.rtc.rodata))
 *rtc_wake_stub*.o(SORT_BY_ALIGNMENT(.data) SORT_BY_ALIGNMENT(.rodata) SORT_BY_ALIGNMENT(.data.*) SORT_BY_ALIGNMENT(.rodata.*) SORT_BY_ALIGNMENT(.bss) SORT_BY_ALIGNMENT(.bss.*))
                0x0000000050000000                _rtc_data_end = ABSOLUTE (.)

.rtc.bss        0x0000000050000000        0x0
                0x0000000050000000                _rtc_bss_start = ABSOLUTE (.)
 *rtc_wake_stub*.o(SORT_BY_ALIGNMENT(.bss) SORT_BY_ALIGNMENT(.bss.*))
 *rtc_wake_stub*.o(SORT_BY_ALIGNMENT(COMMON))
                0x0000000050000000                _rtc_bss_end = ABSOLUTE (.)

.iram0.vectors  0x0000000040080000      0x400
                0x0000000040080000                _init_start = ABSOLUTE (.)
                0x0000000000000000                . = 0x0
 *(SORT_BY_ALIGNMENT(.WindowVectors.text))
 .WindowVectors.text
                0x0000000040080000      0x16a zephyr/arch/arch/xtensa/core/libarch__xtensa__core.a(window_vectors.S.obj)
                0x0000000040080000                _WindowOverflow4
                0x0000000040080040                _WindowUnderflow4
                0x0000000040080050                _xt_alloca_exc
                0x0000000040080080                _WindowOverflow8
                0x00000000400800c0                _WindowUnderflow8
                0x0000000040080100                _WindowOverflow12
                0x0000000040080140                _WindowUnderflow12
                0x0000000000000180                . = 0x180
 *fill*         0x000000004008016a       0x16 
 *(SORT_BY_ALIGNMENT(.Level2InterruptVector.text))
 .Level2InterruptVector.text
                0x0000000040080180       0x29 zephyr/arch/arch/xtensa/core/libarch__xtensa__core.a(xtensa-asm2-util.S.obj)
                0x0000000040080180                _Level2Vector
                0x00000000000001c0                . = 0x1c0
 *fill*         0x00000000400801a9       0x17 
 *(SORT_BY_ALIGNMENT(.Level3InterruptVector.text))
 .Level3InterruptVector.text
                0x00000000400801c0       0x25 zephyr/arch/arch/xtensa/core/libarch__xtensa__core.a(xtensa-asm2-util.S.obj)
                                         0x29 (size before relaxing)
                0x00000000400801c0                _Level3Vector
                0x0000000000000200                . = 0x200
 *fill*         0x00000000400801e5       0x1b 
 *(SORT_BY_ALIGNMENT(.Level4InterruptVector.text))
 .Level4InterruptVector.text
                0x0000000040080200       0x25 zephyr/arch/arch/xtensa/core/libarch__xtensa__core.a(xtensa-asm2-util.S.obj)
                                         0x29 (size before relaxing)
                0x0000000040080200                _Level4Vector
                0x0000000000000240                . = 0x240
 *fill*         0x0000000040080225       0x1b 
 *(SORT_BY_ALIGNMENT(.Level5InterruptVector.text))
 .Level5InterruptVector.text
                0x0000000040080240       0x25 zephyr/arch/arch/xtensa/core/libarch__xtensa__core.a(xtensa-asm2-util.S.obj)
                                         0x29 (size before relaxing)
                0x0000000040080240                _Level5Vector
                0x0000000000000280                . = 0x280
 *fill*         0x0000000040080265       0x1b 
 *(SORT_BY_ALIGNMENT(.DebugExceptionVector.text))
 .DebugExceptionVector.text
                0x0000000040080280       0x25 zephyr/arch/arch/xtensa/core/libarch__xtensa__core.a(xtensa-asm2-util.S.obj)
                                         0x29 (size before relaxing)
                0x0000000040080280                _Level6Vector
                0x00000000000002c0                . = 0x2c0
 *fill*         0x00000000400802a5       0x1b 
 *(SORT_BY_ALIGNMENT(.NMIExceptionVector.text))
 .NMIExceptionVector.text
                0x00000000400802c0       0x25 zephyr/arch/arch/xtensa/core/libarch__xtensa__core.a(xtensa-asm2-util.S.obj)
                                         0x29 (size before relaxing)
                0x00000000400802c0                _Level7Vector
                0x0000000000000300                . = 0x300
 *fill*         0x00000000400802e5       0x1b 
 *(SORT_BY_ALIGNMENT(.KernelExceptionVector.text))
 .KernelExceptionVector.text
                0x0000000040080300        0x3 zephyr/arch/arch/xtensa/core/libarch__xtensa__core.a(xtensa-asm2-util.S.obj)
                0x0000000040080300                _KernelExceptionVector
                0x0000000000000340                . = 0x340
 *fill*         0x0000000040080303       0x3d 
 *(SORT_BY_ALIGNMENT(.UserExceptionVector.text))
 .UserExceptionVector.text
                0x0000000040080340       0x12 zephyr/arch/arch/xtensa/core/libarch__xtensa__core.a(xtensa-asm2-util.S.obj)
                0x0000000040080340                _Level1RealVector
                0x00000000000003c0                . = 0x3c0
 *fill*         0x0000000040080352       0x6e 
 *(SORT_BY_ALIGNMENT(.DoubleExceptionVector.text))
 .DoubleExceptionVector.text
                0x00000000400803c0        0x6 zephyr/arch/arch/xtensa/core/libarch__xtensa__core.a(xtensa-asm2-util.S.obj)
                0x00000000400803c0                _DoubleExceptionVector
                0x0000000000000400                . = 0x400
 *fill*         0x00000000400803c6       0x3a 
 *(SORT_BY_ALIGNMENT(.*Vector.literal))
 *(SORT_BY_ALIGNMENT(.UserEnter.literal))
 *(SORT_BY_ALIGNMENT(.UserEnter.text))
                0x0000000040080400                . = ALIGN (0x10)
 *(SORT_BY_ALIGNMENT(.entry.text))
 *(SORT_BY_ALIGNMENT(.init.literal))
 *(SORT_BY_ALIGNMENT(.init))
                0x0000000040080400                _init_end = ABSOLUTE (.)
                0x0000000000000000                _iram_start = ABSOLUTE (0x0)

devices         0x000000003ffb0000       0x74
                0x000000003ffb0000                __device_start = .
                0x000000003ffb0000                __device_PRE_KERNEL_1_start = .
 *(SORT_BY_NAME(SORT_BY_ALIGNMENT(.device_PRE_KERNEL_1[0-9]*)))
 .device_PRE_KERNEL_130
                0x000000003ffb0000       0x10 zephyr/libzephyr.a(clock_control_esp32.c.obj)
 .device_PRE_KERNEL_150
                0x000000003ffb0010       0x10 zephyr/drivers/serial/libdrivers__serial.a(uart_esp32.c.obj)
 *(SORT_BY_NAME(SORT_BY_ALIGNMENT(.device_PRE_KERNEL_1[1-9][0-9]*)))
                0x000000003ffb0020                __device_PRE_KERNEL_2_start = .
 *(SORT_BY_NAME(SORT_BY_ALIGNMENT(.device_PRE_KERNEL_2[0-9]*)))
 .device_PRE_KERNEL_20
                0x000000003ffb0020       0x10 zephyr/libzephyr.a(sys_clock_init.c.obj)
 .device_PRE_KERNEL_240
                0x000000003ffb0030       0x10 zephyr/libzephyr.a(pinmux_esp32.c.obj)
 *(SORT_BY_NAME(SORT_BY_ALIGNMENT(.device_PRE_KERNEL_2[1-9][0-9]*)))
                0x000000003ffb0040                __device_POST_KERNEL_start = .
 *(SORT_BY_NAME(SORT_BY_ALIGNMENT(.device_POST_KERNEL[0-9]*)))
 .device_POST_KERNEL50
                0x000000003ffb0040       0x20 zephyr/drivers/gpio/libdrivers__gpio.a(gpio_esp32.c.obj)
 .device_POST_KERNEL60
                0x000000003ffb0060       0x10 zephyr/drivers/i2c/libdrivers__i2c.a(i2c_esp32.c.obj)
 *(SORT_BY_NAME(SORT_BY_ALIGNMENT(.device_POST_KERNEL[1-9][0-9]*)))
                0x000000003ffb0070                __device_APPLICATION_start = .
 *(SORT_BY_NAME(SORT_BY_ALIGNMENT(.device_APPLICATION[0-9]*)))
 *(SORT_BY_NAME(SORT_BY_ALIGNMENT(.device_APPLICATION[1-9][0-9]*)))
                0x000000003ffb0070                __device_SMP_start = .
 *(SORT_BY_NAME(SORT_BY_ALIGNMENT(.device_SMP[0-9]*)))
 *(SORT_BY_NAME(SORT_BY_ALIGNMENT(.device_SMP[1-9][0-9]*)))
                0x000000003ffb0070                __device_end = .
 FILL mask 0x00
                0x000000003ffb0070                __device_init_status_start = .
                0x000000003ffb0074                . = (. + (((((__device_end - __device_start) / 0x10) + 0x1f) / 0x20) * 0x4))
 *fill*         0x000000003ffb0070        0x4 00
                0x000000003ffb0074                __device_init_status_end = .

initshell       0x000000003ffb0074        0x0
                0x000000003ffb0074                __shell_module_start = .
 *(SORT_BY_ALIGNMENT(.shell_module_*))
                0x000000003ffb0074                __shell_module_end = .
                0x000000003ffb0074                __shell_cmd_start = .
 *(SORT_BY_ALIGNMENT(.shell_cmd_*))
                0x000000003ffb0074                __shell_cmd_end = .

log_dynamic_sections
                0x000000003ffb0074        0x0
                0x000000003ffb0074                __log_dynamic_start = .
 *(SORT_BY_NAME(SORT_BY_ALIGNMENT(.log_dynamic_*)))
                0x000000003ffb0074                __log_dynamic_end = .

_static_thread_data_area
                0x000000003ffb0074        0x0
                0x000000003ffb0074                __static_thread_data_list_start = .
 *(SORT_BY_NAME(SORT_BY_ALIGNMENT(.__static_thread_data.static.*)))
                0x000000003ffb0074                __static_thread_data_list_end = .

k_timer_area    0x000000003ffb0074        0x0
                0x000000003ffb0074                _k_timer_list_start = .
 *(SORT_BY_NAME(SORT_BY_ALIGNMENT(._k_timer.static.*)))
                0x000000003ffb0074                _k_timer_list_end = .

k_mem_slab_area
                0x000000003ffb0074        0x0
                0x000000003ffb0074                _k_mem_slab_list_start = .
 *(SORT_BY_NAME(SORT_BY_ALIGNMENT(._k_mem_slab.static.*)))
                0x000000003ffb0074                _k_mem_slab_list_end = .

k_mem_pool_area
                0x000000003ffb0074        0x0
                0x000000003ffb0074                _k_mem_pool_list_start = .
 *(SORT_BY_NAME(SORT_BY_ALIGNMENT(._k_mem_pool.static.*)))
                0x000000003ffb0074                _k_mem_pool_list_end = .

k_heap_area     0x000000003ffb0074        0x0
                0x000000003ffb0074                _k_heap_list_start = .
 *(SORT_BY_NAME(SORT_BY_ALIGNMENT(._k_heap.static.*)))
                0x000000003ffb0074                _k_heap_list_end = .

k_mutex_area    0x000000003ffb0074       0x14
                0x000000003ffb0074                _k_mutex_list_start = .
 *(SORT_BY_NAME(SORT_BY_ALIGNMENT(._k_mutex.static.*)))
 ._k_mutex.static.fdtable_lock
                0x000000003ffb0074       0x14 zephyr/libzephyr.a(fdtable.c.obj)
                0x000000003ffb0088                _k_mutex_list_end = .

k_stack_area    0x000000003ffb0088        0x0
                0x000000003ffb0088                _k_stack_list_start = .
 *(SORT_BY_NAME(SORT_BY_ALIGNMENT(._k_stack.static.*)))
                0x000000003ffb0088                _k_stack_list_end = .

k_msgq_area     0x000000003ffb0088        0x0
                0x000000003ffb0088                _k_msgq_list_start = .
 *(SORT_BY_NAME(SORT_BY_ALIGNMENT(._k_msgq.static.*)))
                0x000000003ffb0088                _k_msgq_list_end = .

k_mbox_area     0x000000003ffb0088        0x0
                0x000000003ffb0088                _k_mbox_list_start = .
 *(SORT_BY_NAME(SORT_BY_ALIGNMENT(._k_mbox.static.*)))
                0x000000003ffb0088                _k_mbox_list_end = .

k_pipe_area     0x000000003ffb0088        0x0
                0x000000003ffb0088                _k_pipe_list_start = .
 *(SORT_BY_NAME(SORT_BY_ALIGNMENT(._k_pipe.static.*)))
                0x000000003ffb0088                _k_pipe_list_end = .

k_sem_area      0x000000003ffb0088        0x0
                0x000000003ffb0088                _k_sem_list_start = .
 *(SORT_BY_NAME(SORT_BY_ALIGNMENT(._k_sem.static.*)))
                0x000000003ffb0088                _k_sem_list_end = .

k_queue_area    0x000000003ffb0088        0x0
                0x000000003ffb0088                _k_queue_list_start = .
 *(SORT_BY_NAME(SORT_BY_ALIGNMENT(._k_queue.static.*)))
                0x000000003ffb0088                _k_queue_list_end = .

_net_buf_pool_area
                0x000000003ffb0088        0x0
                0x000000003ffb0088                _net_buf_pool_list = .
 *(SORT_BY_NAME(SORT_BY_ALIGNMENT(._net_buf_pool.static.*)))

initlevel       0x0000000040080400       0x48
                0x0000000040080400                __init_start = .
                0x0000000040080400                __init_PRE_KERNEL_1_start = .
 *(SORT_BY_NAME(SORT_BY_ALIGNMENT(.init_PRE_KERNEL_1[0-9]*)))
 .init_PRE_KERNEL_130
                0x0000000040080400        0x8 zephyr/libzephyr.a(clock_control_esp32.c.obj)
 .init_PRE_KERNEL_130
                0x0000000040080408        0x8 zephyr/kernel/libkernel.a(kheap.c.obj)
 .init_PRE_KERNEL_150
                0x0000000040080410        0x8 zephyr/drivers/serial/libdrivers__serial.a(uart_esp32.c.obj)
 .init_PRE_KERNEL_160
                0x0000000040080418        0x8 zephyr/libzephyr.a(uart_console.c.obj)
 *(SORT_BY_NAME(SORT_BY_ALIGNMENT(.init_PRE_KERNEL_1[1-9][0-9]*)))
                0x0000000040080420                __init_PRE_KERNEL_2_start = .
 *(SORT_BY_NAME(SORT_BY_ALIGNMENT(.init_PRE_KERNEL_2[0-9]*)))
 .init_PRE_KERNEL_20
                0x0000000040080420        0x8 zephyr/libzephyr.a(sys_clock_init.c.obj)
 .init_PRE_KERNEL_240
                0x0000000040080428        0x8 zephyr/libzephyr.a(pinmux_esp32.c.obj)
 *(SORT_BY_NAME(SORT_BY_ALIGNMENT(.init_PRE_KERNEL_2[1-9][0-9]*)))
                0x0000000040080430                __init_POST_KERNEL_start = .
 *(SORT_BY_NAME(SORT_BY_ALIGNMENT(.init_POST_KERNEL[0-9]*)))
 .init_POST_KERNEL50
                0x0000000040080430       0x10 zephyr/drivers/gpio/libdrivers__gpio.a(gpio_esp32.c.obj)
 .init_POST_KERNEL60
                0x0000000040080440        0x8 zephyr/drivers/i2c/libdrivers__i2c.a(i2c_esp32.c.obj)
 *(SORT_BY_NAME(SORT_BY_ALIGNMENT(.init_POST_KERNEL[1-9][0-9]*)))
                0x0000000040080448                __init_APPLICATION_start = .
 *(SORT_BY_NAME(SORT_BY_ALIGNMENT(.init_APPLICATION[0-9]*)))
 *(SORT_BY_NAME(SORT_BY_ALIGNMENT(.init_APPLICATION[1-9][0-9]*)))
                0x0000000040080448                __init_SMP_start = .
 *(SORT_BY_NAME(SORT_BY_ALIGNMENT(.init_SMP[0-9]*)))
 *(SORT_BY_NAME(SORT_BY_ALIGNMENT(.init_SMP[1-9][0-9]*)))
                0x0000000040080448                __init_end = .

sw_isr_table    0x0000000040080448      0x100
                0x0000000040080448                . = ALIGN (0x0)
 *(SORT_BY_ALIGNMENT(.gnu.linkonce.sw_isr_table*))
 .gnu.linkonce.sw_isr_table*
                0x0000000040080448      0x100 zephyr/arch/common/libisr_tables.a(isr_tables.c.obj)
                0x0000000040080448                _sw_isr_table

initlevel_error
                0x0000000000000000        0x0
 *(SORT_BY_NAME(SORT_BY_ALIGNMENT(.init_[_A-Z0-9]*)))
                0x0000000000000001                ASSERT ((SIZEOF (initlevel_error) == 0x0), Undefined initialization levels used.)

app_shmem_regions
                0x0000000040080548        0x0
                0x0000000040080548                __app_shmem_regions_start = .
 *(SORT_BY_NAME(SORT_BY_ALIGNMENT(.app_regions.*)))
                0x0000000040080548                __app_shmem_regions_end = .

bt_l2cap_fixed_chan_area
                0x0000000040080548        0x0
                0x0000000040080548                _bt_l2cap_fixed_chan_list_start = .
 *(SORT_BY_NAME(SORT_BY_ALIGNMENT(._bt_l2cap_fixed_chan.static.*)))
                0x0000000040080548                _bt_l2cap_fixed_chan_list_end = .

bt_gatt_service_static_area
                0x0000000040080548        0x0
                0x0000000040080548                _bt_gatt_service_static_list_start = .
 *(SORT_BY_NAME(SORT_BY_ALIGNMENT(._bt_gatt_service_static.static.*)))
                0x0000000040080548                _bt_gatt_service_static_list_end = .

log_const_sections
                0x0000000040080548        0x0
                0x0000000040080548                __log_const_start = .
 *(SORT_BY_NAME(SORT_BY_ALIGNMENT(.log_const_*)))
                0x0000000040080548                __log_const_end = .

log_backends_sections
                0x0000000040080548        0x0
                0x0000000040080548                __log_backends_start = .
 *(SORT_BY_ALIGNMENT(._log_backend.*))
                0x0000000040080548                __log_backends_end = .

shell_area      0x0000000040080548        0x0
                0x0000000040080548                _shell_list_start = .
 *(SORT_BY_NAME(SORT_BY_ALIGNMENT(._shell.static.*)))
                0x0000000040080548                _shell_list_end = .

shell_root_cmds_sections
                0x0000000040080548        0x0
                0x0000000040080548                __shell_root_cmds_start = .
 *(SORT_BY_NAME(SORT_BY_ALIGNMENT(.shell_root_cmd_*)))
                0x0000000040080548                __shell_root_cmds_end = .

font_entry_sections
                0x0000000040080548        0x0
                0x0000000040080548                __font_entry_start = .
 *(SORT_BY_NAME(SORT_BY_ALIGNMENT(._cfb_font.*)))
                0x0000000040080548                __font_entry_end = .

tracing_backend_area
                0x0000000040080548        0x0
                0x0000000040080548                _tracing_backend_list_start = .
 *(SORT_BY_NAME(SORT_BY_ALIGNMENT(._tracing_backend.static.*)))
                0x0000000040080548                _tracing_backend_list_end = .

text            0x0000000040080548     0x35da
                0x0000000040080548                _iram_text_start = ABSOLUTE (.)
 *(SORT_BY_ALIGNMENT(.iram1) SORT_BY_ALIGNMENT(.iram1.*))
 .iram1.literal
                0x0000000040080548       0x24 zephyr/libzephyr.a(soc.c.obj)
                                         0x2c (size before relaxing)
 .literal.k_msleep
                0x000000004008056c        0x0 app/libapp.a(main.c.obj)
                                          0x4 (size before relaxing)
 .literal.main  0x000000004008056c       0x38 app/libapp.a(main.c.obj)
                                         0xbc (size before relaxing)
 .literal.print_digits
                0x00000000400805a4        0x4 zephyr/libzephyr.a(printk.c.obj)
                                          0xc (size before relaxing)
 .literal.char_out
                0x00000000400805a8        0x4 zephyr/libzephyr.a(printk.c.obj)
 .literal.__printk_hook_install
                0x00000000400805ac        0x0 zephyr/libzephyr.a(printk.c.obj)
                                          0x4 (size before relaxing)
 .literal.z_vprintk
                0x00000000400805ac        0x0 zephyr/libzephyr.a(printk.c.obj)
                                          0x4 (size before relaxing)
 .literal.vprintk
                0x00000000400805ac        0x4 zephyr/libzephyr.a(printk.c.obj)
                                          0x8 (size before relaxing)
 .literal.printk
                0x00000000400805b0        0x0 zephyr/libzephyr.a(printk.c.obj)
                                          0x4 (size before relaxing)
 .literal.z_thread_entry
                0x00000000400805b0        0x0 zephyr/libzephyr.a(thread_entry.c.obj)
                                          0x8 (size before relaxing)
 .literal.chunk_field
                0x00000000400805b0        0x4 zephyr/libzephyr.a(heap.c.obj)
 .literal.chunk_set
                0x00000000400805b4        0x0 zephyr/libzephyr.a(heap.c.obj)
                                          0x4 (size before relaxing)
 .literal.chunk_size
                0x00000000400805b4        0x0 zephyr/libzephyr.a(heap.c.obj)
                                          0x4 (size before relaxing)
 .literal.set_chunk_used
                0x00000000400805b4        0x0 zephyr/libzephyr.a(heap.c.obj)
                                          0x4 (size before relaxing)
 .literal.set_chunk_size
                0x00000000400805b4        0x0 zephyr/libzephyr.a(heap.c.obj)
                                          0x4 (size before relaxing)
 .literal.bucket_idx
                0x00000000400805b4        0x0 zephyr/libzephyr.a(heap.c.obj)
                                          0x4 (size before relaxing)
 .literal.free_list_add
                0x00000000400805b4        0x0 zephyr/libzephyr.a(heap.c.obj)
                                         0x24 (size before relaxing)
 .literal.sys_heap_init
                0x00000000400805b4        0x8 zephyr/libzephyr.a(heap.c.obj)
                                         0x30 (size before relaxing)
 .literal.arch_printk_char_out
                0x00000000400805bc        0x4 zephyr/libzephyr.a(soc.c.obj)
                                          0x8 (size before relaxing)
 .literal.uart_console_init
                0x00000000400805c0        0xc zephyr/libzephyr.a(uart_console.c.obj)
                                         0x18 (size before relaxing)
 .literal.console_out
                0x00000000400805cc        0x0 zephyr/libzephyr.a(uart_console.c.obj)
                                          0x4 (size before relaxing)
 .literal.clock_control_esp32_on
                0x00000000400805cc        0x4 zephyr/libzephyr.a(clock_control_esp32.c.obj)
 .literal.clock_control_esp32_get_status
                0x00000000400805d0        0x0 zephyr/libzephyr.a(clock_control_esp32.c.obj)
                                          0x4 (size before relaxing)
 .literal.clock_control_esp32_get_rate
                0x00000000400805d0        0xc zephyr/libzephyr.a(clock_control_esp32.c.obj)
 .literal.clock_control_esp32_init
                0x00000000400805dc       0x38 zephyr/libzephyr.a(clock_control_esp32.c.obj)
                                         0x68 (size before relaxing)
 .literal.clock_control_esp32_off
                0x0000000040080614        0x0 zephyr/libzephyr.a(clock_control_esp32.c.obj)
                                          0x4 (size before relaxing)
 .literal.set_reg
                0x0000000040080614        0x8 zephyr/libzephyr.a(pinmux_esp32.c.obj)
 .literal.pinmux_set
                0x000000004008061c        0x8 zephyr/libzephyr.a(pinmux_esp32.c.obj)
                                          0xc (size before relaxing)
 .literal.pinmux_input
                0x0000000040080624        0x8 zephyr/libzephyr.a(pinmux_esp32.c.obj)
                                          0xc (size before relaxing)
 .literal.pinmux_initialize
                0x000000004008062c        0x0 zephyr/libzephyr.a(pinmux_esp32.c.obj)
                                          0x4 (size before relaxing)
 .literal.pinmux_pullup
                0x000000004008062c        0x0 zephyr/libzephyr.a(pinmux_esp32.c.obj)
                                          0x4 (size before relaxing)
 .literal.pinmux_get
                0x000000004008062c        0x0 zephyr/libzephyr.a(pinmux_esp32.c.obj)
                                          0x8 (size before relaxing)
 .literal.ccompare_isr
                0x000000004008062c        0xc zephyr/libzephyr.a(xtensa_sys_timer.c.obj)
                                         0x10 (size before relaxing)
 .literal.z_clock_driver_init
                0x0000000040080638        0x4 zephyr/libzephyr.a(xtensa_sys_timer.c.obj)
                                          0x8 (size before relaxing)
 .literal.z_clock_set_timeout
                0x000000004008063c        0x8 zephyr/libzephyr.a(xtensa_sys_timer.c.obj)
                                         0x14 (size before relaxing)
 .literal.z_clock_elapsed
                0x0000000040080644        0x0 zephyr/libzephyr.a(xtensa_sys_timer.c.obj)
                                          0x8 (size before relaxing)
 .literal.z_xtensa_fatal_error
                0x0000000040080644        0x0 zephyr/arch/arch/xtensa/core/libarch__xtensa__core.a(fatal.c.obj)
                                          0x8 (size before relaxing)
 .literal       0x0000000040080644        0x4 zephyr/arch/arch/xtensa/core/libarch__xtensa__core.a(xtensa-asm2-util.S.obj)
                                          0x8 (size before relaxing)
 .literal.xtensa_init_stack
                0x0000000040080648        0x8 zephyr/arch/arch/xtensa/core/libarch__xtensa__core.a(xtensa-asm2.c.obj)
                                          0xc (size before relaxing)
 .literal.arch_new_thread
                0x0000000040080650        0x0 zephyr/arch/arch/xtensa/core/libarch__xtensa__core.a(xtensa-asm2.c.obj)
                                          0x4 (size before relaxing)
 .literal.z_irq_spurious
                0x0000000040080650        0x0 zephyr/arch/arch/xtensa/core/libarch__xtensa__core.a(xtensa-asm2.c.obj)
                                          0x4 (size before relaxing)
 .literal.xtensa_int2_c
                0x0000000040080650       0x10 zephyr/arch/arch/xtensa/core/libarch__xtensa__core.a(xtensa-asm2.c.obj)
                                         0x14 (size before relaxing)
 .literal.xtensa_int3_c
                0x0000000040080660       0x10 zephyr/arch/arch/xtensa/core/libarch__xtensa__core.a(xtensa-asm2.c.obj)
                                         0x24 (size before relaxing)
 .literal.xtensa_int4_c
                0x0000000040080670       0x14 zephyr/arch/arch/xtensa/core/libarch__xtensa__core.a(xtensa-asm2.c.obj)
                                         0x1c (size before relaxing)
 .literal.xtensa_int5_c
                0x0000000040080684        0xc zephyr/arch/arch/xtensa/core/libarch__xtensa__core.a(xtensa-asm2.c.obj)
                                         0x14 (size before relaxing)
 .literal.xtensa_int6_c
                0x0000000040080690        0x0 zephyr/arch/arch/xtensa/core/libarch__xtensa__core.a(xtensa-asm2.c.obj)
                                          0x4 (size before relaxing)
 .literal.xtensa_int7_c
                0x0000000040080690        0x4 zephyr/arch/arch/xtensa/core/libarch__xtensa__core.a(xtensa-asm2.c.obj)
                                          0xc (size before relaxing)
 .literal.xtensa_excint1_c
                0x0000000040080694       0x10 zephyr/arch/arch/xtensa/core/libarch__xtensa__core.a(xtensa-asm2.c.obj)
                                         0x20 (size before relaxing)
 .literal.__stdout_hook_install
                0x00000000400806a4        0x4 zephyr/lib/libc/minimal/liblib__libc__minimal.a(stdout_console.c.obj)
 .literal.gpio_esp32_pin_interrupt_configure
                0x00000000400806a8        0xc zephyr/drivers/gpio/libdrivers__gpio.a(gpio_esp32.c.obj)
                                         0x20 (size before relaxing)
 .literal.gpio_esp32_isr
                0x00000000400806b4        0x8 zephyr/drivers/gpio/libdrivers__gpio.a(gpio_esp32.c.obj)
                                         0x10 (size before relaxing)
 .literal.gpio_esp32_init
                0x00000000400806bc        0xc zephyr/drivers/gpio/libdrivers__gpio.a(gpio_esp32.c.obj)
                                         0x10 (size before relaxing)
 .literal.gpio_esp32_config
                0x00000000400806c8        0x0 zephyr/drivers/gpio/libdrivers__gpio.a(gpio_esp32.c.obj)
                                          0x4 (size before relaxing)
 .literal.i2c_esp32_isr
                0x00000000400806c8        0x8 zephyr/drivers/i2c/libdrivers__i2c.a(i2c_esp32.c.obj)
                                          0xc (size before relaxing)
 .literal.i2c_esp32_reset_fifo$isra$0
                0x00000000400806d0        0x8 zephyr/drivers/i2c/libdrivers__i2c.a(i2c_esp32.c.obj)
                                          0xc (size before relaxing)
 .literal.i2c_esp32_write_addr
                0x00000000400806d8        0x4 zephyr/drivers/i2c/libdrivers__i2c.a(i2c_esp32.c.obj)
                                          0x8 (size before relaxing)
 .literal.i2c_esp32_configure_pins
                0x00000000400806dc       0x14 zephyr/drivers/i2c/libdrivers__i2c.a(i2c_esp32.c.obj)
                                         0x18 (size before relaxing)
 .literal.i2c_esp32_configure
                0x00000000400806f0       0x3c zephyr/drivers/i2c/libdrivers__i2c.a(i2c_esp32.c.obj)
                                         0x4c (size before relaxing)
 .literal.i2c_esp32_transmit
                0x000000004008072c        0x8 zephyr/drivers/i2c/libdrivers__i2c.a(i2c_esp32.c.obj)
                                         0x14 (size before relaxing)
 .literal.i2c_esp32_init
                0x0000000040080734       0x14 zephyr/drivers/i2c/libdrivers__i2c.a(i2c_esp32.c.obj)
                                         0x2c (size before relaxing)
 .literal.i2c_esp32_wait$isra$1
                0x0000000040080748        0x4 zephyr/drivers/i2c/libdrivers__i2c.a(i2c_esp32.c.obj)
                                          0xc (size before relaxing)
 .literal.i2c_esp32_transfer
                0x000000004008074c       0x10 zephyr/drivers/i2c/libdrivers__i2c.a(i2c_esp32.c.obj)
                                         0x4c (size before relaxing)
 .literal.uart_esp32_configure
                0x000000004008075c        0x8 zephyr/drivers/serial/libdrivers__serial.a(uart_esp32.c.obj)
                                         0x20 (size before relaxing)
 .literal.uart_esp32_init
                0x0000000040080764        0x0 zephyr/drivers/serial/libdrivers__serial.a(uart_esp32.c.obj)
                                          0x8 (size before relaxing)
 .literal.z_sys_init_run_level
                0x0000000040080764        0xc zephyr/kernel/libkernel.a(device.c.obj)
 .literal.z_device_ready
                0x0000000040080770        0x0 zephyr/kernel/libkernel.a(device.c.obj)
                                          0x8 (size before relaxing)
 .literal.z_impl_device_get_binding
                0x0000000040080770        0x0 zephyr/kernel/libkernel.a(device.c.obj)
                                         0x14 (size before relaxing)
 .literal.k_sys_fatal_error_handler
                0x0000000040080770        0x0 zephyr/kernel/libkernel.a(fatal.c.obj)
                                          0x4 (size before relaxing)
 .literal.z_fatal_error
                0x0000000040080770        0x0 zephyr/kernel/libkernel.a(fatal.c.obj)
                                          0xc (size before relaxing)
 .literal.bg_thread_main
                0x0000000040080770       0x14 zephyr/kernel/libkernel.a(init.c.obj)
                                         0x28 (size before relaxing)
 .literal.z_cstart
                0x0000000040080784       0x2c zephyr/kernel/libkernel.a(init.c.obj)
                                         0x5c (size before relaxing)
 .literal.z_reset_time_slice
                0x00000000400807b0        0x4 zephyr/kernel/libkernel.a(sched.c.obj)
                                         0x10 (size before relaxing)
 .literal.z_swap_irqlock
                0x00000000400807b4        0x0 zephyr/kernel/libkernel.a(sched.c.obj)
                                          0xc (size before relaxing)
 .literal.z_swap$isra$14
                0x00000000400807b4        0x0 zephyr/kernel/libkernel.a(sched.c.obj)
                                          0xc (size before relaxing)
 .literal.k_sched_time_slice_set
                0x00000000400807b4        0x4 zephyr/kernel/libkernel.a(sched.c.obj)
                                         0x10 (size before relaxing)
 .literal.z_reschedule
                0x00000000400807b8        0x0 zephyr/kernel/libkernel.a(sched.c.obj)
                                          0x8 (size before relaxing)
 .literal.z_reschedule_irqlock
                0x00000000400807b8        0x0 zephyr/kernel/libkernel.a(sched.c.obj)
                                          0x4 (size before relaxing)
 .literal.z_reschedule_unlocked
                0x00000000400807b8        0x0 zephyr/kernel/libkernel.a(sched.c.obj)
                                          0x4 (size before relaxing)
 .literal.k_sched_lock
                0x00000000400807b8        0x0 zephyr/kernel/libkernel.a(sched.c.obj)
                                          0x4 (size before relaxing)
 .literal.z_get_next_switch_handle
                0x00000000400807b8        0x0 zephyr/kernel/libkernel.a(sched.c.obj)
                                          0x4 (size before relaxing)
 .literal.update_cache
                0x00000000400807b8        0x4 zephyr/kernel/libkernel.a(sched.c.obj)
                                         0x10 (size before relaxing)
 .literal.k_sched_unlock
                0x00000000400807bc        0x0 zephyr/kernel/libkernel.a(sched.c.obj)
                                          0xc (size before relaxing)
 .literal.ready_thread
                0x00000000400807bc        0x0 zephyr/kernel/libkernel.a(sched.c.obj)
                                          0xc (size before relaxing)
 .literal.z_ready_thread
                0x00000000400807bc        0x0 zephyr/kernel/libkernel.a(sched.c.obj)
                                          0x4 (size before relaxing)
 .literal.z_thread_timeout
                0x00000000400807bc        0x0 zephyr/kernel/libkernel.a(sched.c.obj)
                                          0x8 (size before relaxing)
 .literal.z_sched_start
                0x00000000400807bc        0x4 zephyr/kernel/libkernel.a(sched.c.obj)
                                          0xc (size before relaxing)
 .literal.z_move_thread_to_end_of_prio_q
                0x00000000400807c0        0x0 zephyr/kernel/libkernel.a(sched.c.obj)
                                         0x10 (size before relaxing)
 .literal.z_time_slice
                0x00000000400807c0        0x0 zephyr/kernel/libkernel.a(sched.c.obj)
                                         0x18 (size before relaxing)
 .literal.z_impl_k_thread_suspend
                0x00000000400807c0        0x0 zephyr/kernel/libkernel.a(sched.c.obj)
                                         0x14 (size before relaxing)
 .literal.z_thread_single_abort
                0x00000000400807c0        0x0 zephyr/kernel/libkernel.a(sched.c.obj)
                                         0x20 (size before relaxing)
 .literal.unready_thread
                0x00000000400807c0        0x0 zephyr/kernel/libkernel.a(sched.c.obj)
                                          0xc (size before relaxing)
 .literal.z_remove_thread_from_ready_q
                0x00000000400807c0        0x0 zephyr/kernel/libkernel.a(sched.c.obj)
                                          0x4 (size before relaxing)
 .literal.z_tick_sleep$part$23
                0x00000000400807c0        0x4 zephyr/kernel/libkernel.a(sched.c.obj)
                                         0x1c (size before relaxing)
 .literal.add_to_waitq_locked
                0x00000000400807c4        0x0 zephyr/kernel/libkernel.a(sched.c.obj)
                                          0x4 (size before relaxing)
 .literal.pend  0x00000000400807c4        0x0 zephyr/kernel/libkernel.a(sched.c.obj)
                                          0xc (size before relaxing)
 .literal.z_pend_curr
                0x00000000400807c4        0x0 zephyr/kernel/libkernel.a(sched.c.obj)
                                          0xc (size before relaxing)
 .literal.z_unpend_first_thread
                0x00000000400807c4        0x0 zephyr/kernel/libkernel.a(sched.c.obj)
                                          0xc (size before relaxing)
 .literal.z_sched_init
                0x00000000400807c4        0x0 zephyr/kernel/libkernel.a(sched.c.obj)
                                          0xc (size before relaxing)
 .literal.z_impl_k_yield
                0x00000000400807c4        0x0 zephyr/kernel/libkernel.a(sched.c.obj)
                                         0x18 (size before relaxing)
 .literal.z_impl_k_sleep
                0x00000000400807c4        0x4 zephyr/kernel/libkernel.a(sched.c.obj)
                                         0x1c (size before relaxing)
 .literal.z_impl_k_current_get
                0x00000000400807c8        0x0 zephyr/kernel/libkernel.a(sched.c.obj)
                                          0x4 (size before relaxing)
 .literal.z_impl_k_sem_give
                0x00000000400807c8        0x4 zephyr/kernel/libkernel.a(sem.c.obj)
                                         0x10 (size before relaxing)
 .literal.z_impl_k_sem_take
                0x00000000400807cc        0x0 zephyr/kernel/libkernel.a(sem.c.obj)
                                          0x8 (size before relaxing)
 .literal.z_setup_new_thread
                0x00000000400807cc        0x0 zephyr/kernel/libkernel.a(thread.c.obj)
                                          0x8 (size before relaxing)
 .literal.z_init_static_threads
                0x00000000400807cc        0x4 zephyr/kernel/libkernel.a(thread.c.obj)
                                         0x20 (size before relaxing)
 .literal.z_impl_k_thread_abort
                0x00000000400807d0        0x0 zephyr/kernel/libkernel.a(thread_abort.c.obj)
                                         0x14 (size before relaxing)
 .literal.elapsed
                0x00000000400807d0        0x4 zephyr/kernel/libkernel.a(timeout.c.obj)
                                          0x8 (size before relaxing)
 .literal.remove_timeout
                0x00000000400807d4        0x4 zephyr/kernel/libkernel.a(timeout.c.obj)
 .literal.next_timeout
                0x00000000400807d8        0x4 zephyr/kernel/libkernel.a(timeout.c.obj)
                                         0x10 (size before relaxing)
 .literal.z_add_timeout
                0x00000000400807dc        0x4 zephyr/kernel/libkernel.a(timeout.c.obj)
                                         0x18 (size before relaxing)
 .literal.z_abort_timeout
                0x00000000400807e0        0x0 zephyr/kernel/libkernel.a(timeout.c.obj)
                                          0x4 (size before relaxing)
 .literal.z_get_next_timeout_expiry
                0x00000000400807e0        0x0 zephyr/kernel/libkernel.a(timeout.c.obj)
                                          0x4 (size before relaxing)
 .literal.z_set_timeout_expiry
                0x00000000400807e0        0x0 zephyr/kernel/libkernel.a(timeout.c.obj)
                                          0x8 (size before relaxing)
 .literal.z_clock_announce
                0x00000000400807e0        0x0 zephyr/kernel/libkernel.a(timeout.c.obj)
                                         0x24 (size before relaxing)
 .literal.z_tick_get
                0x00000000400807e0        0x0 zephyr/kernel/libkernel.a(timeout.c.obj)
                                          0x8 (size before relaxing)
 .literal.z_tick_get_32
                0x00000000400807e0        0x0 zephyr/kernel/libkernel.a(timeout.c.obj)
                                          0x4 (size before relaxing)
 .literal.idle  0x00000000400807e0        0x0 zephyr/kernel/libkernel.a(idle.c.obj)
                                          0xc (size before relaxing)
 .literal.k_heap_init
                0x00000000400807e0        0x0 zephyr/kernel/libkernel.a(kheap.c.obj)
                                          0x4 (size before relaxing)
 .literal.statics_init
                0x00000000400807e0        0x4 zephyr/kernel/libkernel.a(kheap.c.obj)
                                          0xc (size before relaxing)
 .iram1         0x00000000400807e4       0x64 zephyr/libzephyr.a(soc.c.obj)
                                         0x68 (size before relaxing)
                0x00000000400807e4                __start
 *(SORT_BY_ALIGNMENT(.iram0.literal) SORT_BY_ALIGNMENT(.iram.literal) SORT_BY_ALIGNMENT(.iram.text.literal) SORT_BY_ALIGNMENT(.iram0.text) SORT_BY_ALIGNMENT(.iram.text))
 .iram0.text    0x0000000040080848       0x2d zephyr/arch/arch/xtensa/core/libarch__xtensa__core.a(xtensa-asm2-util.S.obj)
                0x0000000040080848                _Level1Vector
 *(SORT_BY_ALIGNMENT(.literal) SORT_BY_ALIGNMENT(.text) SORT_BY_ALIGNMENT(.literal.*) SORT_BY_ALIGNMENT(.text.*))
 *fill*         0x0000000040080875        0x3 
 .text.k_msleep
                0x0000000040080878       0x15 app/libapp.a(main.c.obj)
 *fill*         0x000000004008088d        0x3 
 .text.main     0x0000000040080890      0x175 app/libapp.a(main.c.obj)
                                        0x1d9 (size before relaxing)
                0x0000000040080890                main
 *fill*         0x0000000040080a05        0x3 
 .text.print_digits
                0x0000000040080a08       0xb4 zephyr/libzephyr.a(printk.c.obj)
                                         0xb8 (size before relaxing)
 .text.char_out
                0x0000000040080abc       0x18 zephyr/libzephyr.a(printk.c.obj)
 .text.__printk_hook_install
                0x0000000040080ad4        0xa zephyr/libzephyr.a(printk.c.obj)
                0x0000000040080ad4                __printk_hook_install
 *fill*         0x0000000040080ade        0x2 
 .text.z_vprintk
                0x0000000040080ae0      0x310 zephyr/libzephyr.a(printk.c.obj)
                0x0000000040080ae0                z_vprintk
 .text.vprintk  0x0000000040080df0       0x1c zephyr/libzephyr.a(printk.c.obj)
                0x0000000040080df0                vprintk
 .text.printk   0x0000000040080e0c       0x22 zephyr/libzephyr.a(printk.c.obj)
                                         0x26 (size before relaxing)
                0x0000000040080e0c                printk
 *fill*         0x0000000040080e2e        0x2 
 .text.z_thread_entry
                0x0000000040080e30       0x14 zephyr/libzephyr.a(thread_entry.c.obj)
                                         0x18 (size before relaxing)
                0x0000000040080e30                z_thread_entry
 .text.chunk_field
                0x0000000040080e44       0x26 zephyr/libzephyr.a(heap.c.obj)
 *fill*         0x0000000040080e6a        0x2 
 .text.chunk_set
                0x0000000040080e6c       0x26 zephyr/libzephyr.a(heap.c.obj)
 *fill*         0x0000000040080e92        0x2 
 .text.chunk_size
                0x0000000040080e94       0x11 zephyr/libzephyr.a(heap.c.obj)
                                         0x15 (size before relaxing)
 *fill*         0x0000000040080ea5        0x3 
 .text.set_chunk_used
                0x0000000040080ea8       0x3f zephyr/libzephyr.a(heap.c.obj)
 *fill*         0x0000000040080ee7        0x1 
 .text.set_chunk_size
                0x0000000040080ee8       0x14 zephyr/libzephyr.a(heap.c.obj)
 .text.bucket_idx
                0x0000000040080efc       0x24 zephyr/libzephyr.a(heap.c.obj)
 .text.free_list_add
                0x0000000040080f20       0x8a zephyr/libzephyr.a(heap.c.obj)
                                         0xa2 (size before relaxing)
 *fill*         0x0000000040080faa        0x2 
 .text.sys_heap_init
                0x0000000040080fac       0xa8 zephyr/libzephyr.a(heap.c.obj)
                                         0xc4 (size before relaxing)
                0x0000000040080fac                sys_heap_init
 .text.arch_printk_char_out
                0x0000000040081054       0x1b zephyr/libzephyr.a(soc.c.obj)
                0x0000000040081054                arch_printk_char_out
 *fill*         0x000000004008106f        0x1 
 .text.uart_console_init
                0x0000000040081070       0x20 zephyr/libzephyr.a(uart_console.c.obj)
                                         0x28 (size before relaxing)
 .text.console_out
                0x0000000040081090       0x22 zephyr/libzephyr.a(uart_console.c.obj)
 *fill*         0x00000000400810b2        0x2 
 .text.clock_control_esp32_on
                0x00000000400810b4       0x3d zephyr/libzephyr.a(clock_control_esp32.c.obj)
 *fill*         0x00000000400810f1        0x3 
 .text.clock_control_esp32_get_status
                0x00000000400810f4       0x27 zephyr/libzephyr.a(clock_control_esp32.c.obj)
 *fill*         0x000000004008111b        0x1 
 .text.clock_control_esp32_get_rate
                0x000000004008111c       0x3c zephyr/libzephyr.a(clock_control_esp32.c.obj)
 .text.clock_control_esp32_init
                0x0000000040081158      0x1d7 zephyr/libzephyr.a(clock_control_esp32.c.obj)
                                        0x1db (size before relaxing)
 *fill*         0x000000004008132f        0x1 
 .text.clock_control_esp32_off
                0x0000000040081330       0x3d zephyr/libzephyr.a(clock_control_esp32.c.obj)
 *fill*         0x000000004008136d        0x3 
 .text.set_reg  0x0000000040081370       0x34 zephyr/libzephyr.a(pinmux_esp32.c.obj)
 .text.pinmux_set
                0x00000000400813a4       0x20 zephyr/libzephyr.a(pinmux_esp32.c.obj)
 .text.pinmux_input
                0x00000000400813c4       0x5a zephyr/libzephyr.a(pinmux_esp32.c.obj)
                                         0x5e (size before relaxing)
 *fill*         0x000000004008141e        0x2 
 .text.pinmux_initialize
                0x0000000040081420       0x1f zephyr/libzephyr.a(pinmux_esp32.c.obj)
 *fill*         0x000000004008143f        0x1 
 .text.pinmux_pullup
                0x0000000040081440       0x2a zephyr/libzephyr.a(pinmux_esp32.c.obj)
                                         0x2d (size before relaxing)
 *fill*         0x000000004008146a        0x2 
 .text.pinmux_get
                0x000000004008146c       0x2a zephyr/libzephyr.a(pinmux_esp32.c.obj)
 *fill*         0x0000000040081496        0x2 
 .text.ccompare_isr
                0x0000000040081498       0x32 zephyr/libzephyr.a(xtensa_sys_timer.c.obj)
 *fill*         0x00000000400814ca        0x2 
 .text.z_clock_driver_init
                0x00000000400814cc       0x21 zephyr/libzephyr.a(xtensa_sys_timer.c.obj)
                0x00000000400814cc                z_clock_driver_init
 *fill*         0x00000000400814ed        0x3 
 .text.z_clock_set_timeout
                0x00000000400814f0       0x5f zephyr/libzephyr.a(xtensa_sys_timer.c.obj)
                0x00000000400814f0                z_clock_set_timeout
 *fill*         0x000000004008154f        0x1 
 .text.z_clock_elapsed
                0x0000000040081550       0x22 zephyr/libzephyr.a(xtensa_sys_timer.c.obj)
                0x0000000040081550                z_clock_elapsed
 *fill*         0x0000000040081572        0x2 
 .text.z_xtensa_fatal_error
                0x0000000040081574       0x16 zephyr/arch/arch/xtensa/core/libarch__xtensa__core.a(fatal.c.obj)
                                         0x1a (size before relaxing)
                0x0000000040081574                z_xtensa_fatal_error
 *fill*         0x000000004008158a        0x2 
 .text          0x000000004008158c      0x1ef zephyr/arch/arch/xtensa/core/libarch__xtensa__core.a(xtensa-asm2-util.S.obj)
                                        0x1f3 (size before relaxing)
                0x000000004008158c                xtensa_spill_reg_windows
                0x00000000400815ac                xtensa_save_high_regs
                0x00000000400815f4                xtensa_restore_high_regs
                0x0000000040081629                _restore_context
                0x0000000040081660                xtensa_switch
 *fill*         0x000000004008177b        0x1 
 .text.xtensa_init_stack
                0x000000004008177c       0x51 zephyr/arch/arch/xtensa/core/libarch__xtensa__core.a(xtensa-asm2.c.obj)
                                         0x55 (size before relaxing)
                0x000000004008177c                xtensa_init_stack
 *fill*         0x00000000400817cd        0x3 
 .text.arch_new_thread
                0x00000000400817d0       0x15 zephyr/arch/arch/xtensa/core/libarch__xtensa__core.a(xtensa-asm2.c.obj)
                                         0x19 (size before relaxing)
                0x00000000400817d0                arch_new_thread
 *fill*         0x00000000400817e5        0x3 
 .text.z_irq_spurious
                0x00000000400817e8       0x12 zephyr/arch/arch/xtensa/core/libarch__xtensa__core.a(xtensa-asm2.c.obj)
                                         0x16 (size before relaxing)
                0x00000000400817e8                z_irq_spurious
 *fill*         0x00000000400817fa        0x2 
 .text.xtensa_int2_c
                0x00000000400817fc       0x54 zephyr/arch/arch/xtensa/core/libarch__xtensa__core.a(xtensa-asm2.c.obj)
                0x00000000400817fc                xtensa_int2_c
 .text.xtensa_int3_c
                0x0000000040081850       0x7a zephyr/arch/arch/xtensa/core/libarch__xtensa__core.a(xtensa-asm2.c.obj)
                0x0000000040081850                xtensa_int3_c
 *fill*         0x00000000400818ca        0x2 
 .text.xtensa_int4_c
                0x00000000400818cc       0x62 zephyr/arch/arch/xtensa/core/libarch__xtensa__core.a(xtensa-asm2.c.obj)
                0x00000000400818cc                xtensa_int4_c
 *fill*         0x000000004008192e        0x2 
 .text.xtensa_int5_c
                0x0000000040081930       0x58 zephyr/arch/arch/xtensa/core/libarch__xtensa__core.a(xtensa-asm2.c.obj)
                0x0000000040081930                xtensa_int5_c
 .text.xtensa_int6_c
                0x0000000040081988       0x15 zephyr/arch/arch/xtensa/core/libarch__xtensa__core.a(xtensa-asm2.c.obj)
                0x0000000040081988                xtensa_int6_c
 *fill*         0x000000004008199d        0x3 
 .text.xtensa_int7_c
                0x00000000400819a0       0x34 zephyr/arch/arch/xtensa/core/libarch__xtensa__core.a(xtensa-asm2.c.obj)
                0x00000000400819a0                xtensa_int7_c
 .text.xtensa_excint1_c
                0x00000000400819d4      0x149 zephyr/arch/arch/xtensa/core/libarch__xtensa__core.a(xtensa-asm2.c.obj)
                                        0x14d (size before relaxing)
                0x00000000400819d4                xtensa_excint1_c
 *fill*         0x0000000040081b1d        0x3 
 .text.__stdout_hook_install
                0x0000000040081b20        0xa zephyr/lib/libc/minimal/liblib__libc__minimal.a(stdout_console.c.obj)
                0x0000000040081b20                __stdout_hook_install
 *fill*         0x0000000040081b2a        0x2 
 .text.gpio_esp32_pin_interrupt_configure
                0x0000000040081b2c       0x69 zephyr/drivers/gpio/libdrivers__gpio.a(gpio_esp32.c.obj)
 *fill*         0x0000000040081b95        0x3 
 .text.gpio_esp32_isr
                0x0000000040081b98       0x11 zephyr/drivers/gpio/libdrivers__gpio.a(gpio_esp32.c.obj)
                                         0x17 (size before relaxing)
 *fill*         0x0000000040081ba9        0x3 
 .text.gpio_esp32_init
                0x0000000040081bac       0x4e zephyr/drivers/gpio/libdrivers__gpio.a(gpio_esp32.c.obj)
                                         0x52 (size before relaxing)
 *fill*         0x0000000040081bfa        0x2 
 .text.gpio_esp32_config
                0x0000000040081bfc       0xb2 zephyr/drivers/gpio/libdrivers__gpio.a(gpio_esp32.c.obj)
 *fill*         0x0000000040081cae        0x2 
 .text.i2c_esp32_isr
                0x0000000040081cb0       0x41 zephyr/drivers/i2c/libdrivers__i2c.a(i2c_esp32.c.obj)
 *fill*         0x0000000040081cf1        0x3 
 .text.i2c_esp32_reset_fifo$isra$0
                0x0000000040081cf4       0x32 zephyr/drivers/i2c/libdrivers__i2c.a(i2c_esp32.c.obj)
 *fill*         0x0000000040081d26        0x2 
 .text.i2c_esp32_write_addr
                0x0000000040081d28       0x62 zephyr/drivers/i2c/libdrivers__i2c.a(i2c_esp32.c.obj)
                                         0x66 (size before relaxing)
 *fill*         0x0000000040081d8a        0x2 
 .text.i2c_esp32_configure_pins
                0x0000000040081d8c       0x64 zephyr/drivers/i2c/libdrivers__i2c.a(i2c_esp32.c.obj)
 .text.i2c_esp32_configure
                0x0000000040081df0      0x25e zephyr/drivers/i2c/libdrivers__i2c.a(i2c_esp32.c.obj)
                                        0x266 (size before relaxing)
 *fill*         0x000000004008204e        0x2 
 .text.i2c_esp32_transmit
                0x0000000040082050       0x5f zephyr/drivers/i2c/libdrivers__i2c.a(i2c_esp32.c.obj)
                                         0x63 (size before relaxing)
 *fill*         0x00000000400820af        0x1 
 .text.i2c_esp32_init
                0x00000000400820b0       0xad zephyr/drivers/i2c/libdrivers__i2c.a(i2c_esp32.c.obj)
                                         0xbd (size before relaxing)
 *fill*         0x000000004008215d        0x3 
 .text.i2c_esp32_wait$isra$1
                0x0000000040082160       0x64 zephyr/drivers/i2c/libdrivers__i2c.a(i2c_esp32.c.obj)
 .text.i2c_esp32_transfer
                0x00000000400821c4      0x244 zephyr/drivers/i2c/libdrivers__i2c.a(i2c_esp32.c.obj)
                                        0x258 (size before relaxing)
 .text.uart_esp32_configure
                0x0000000040082408      0x112 zephyr/drivers/serial/libdrivers__serial.a(uart_esp32.c.obj)
 *fill*         0x000000004008251a        0x2 
 .text.uart_esp32_init
                0x000000004008251c       0x1c zephyr/drivers/serial/libdrivers__serial.a(uart_esp32.c.obj)
                                         0x20 (size before relaxing)
 .text.z_sys_init_run_level
                0x0000000040082538       0x57 zephyr/kernel/libkernel.a(device.c.obj)
                0x0000000040082538                z_sys_init_run_level
 *fill*         0x000000004008258f        0x1 
 .text.z_device_ready
                0x0000000040082590       0x30 zephyr/kernel/libkernel.a(device.c.obj)
                0x0000000040082590                z_device_ready
 .text.z_impl_device_get_binding
                0x00000000400825c0       0x52 zephyr/kernel/libkernel.a(device.c.obj)
                                         0x56 (size before relaxing)
                0x00000000400825c0                z_impl_device_get_binding
 *fill*         0x0000000040082612        0x2 
 .text.k_sys_fatal_error_handler
                0x0000000040082614        0x8 zephyr/kernel/libkernel.a(fatal.c.obj)
                                          0xc (size before relaxing)
                0x0000000040082614                k_sys_fatal_error_handler
 .text.z_fatal_error
                0x000000004008261c       0x20 zephyr/kernel/libkernel.a(fatal.c.obj)
                                         0x28 (size before relaxing)
                0x000000004008261c                z_fatal_error
 .text.bg_thread_main
                0x000000004008263c       0x38 zephyr/kernel/libkernel.a(init.c.obj)
                                         0x48 (size before relaxing)
 .text.z_cstart
                0x0000000040082674       0xeb zephyr/kernel/libkernel.a(init.c.obj)
                                        0x107 (size before relaxing)
                0x0000000040082674                z_cstart
 *fill*         0x000000004008275f        0x1 
 .text.z_reset_time_slice
                0x0000000040082760       0x22 zephyr/kernel/libkernel.a(sched.c.obj)
                                         0x26 (size before relaxing)
                0x0000000040082760                z_reset_time_slice
 *fill*         0x0000000040082782        0x2 
 .text.z_swap_irqlock
                0x0000000040082784       0x2d zephyr/kernel/libkernel.a(sched.c.obj)
                                         0x35 (size before relaxing)
 *fill*         0x00000000400827b1        0x3 
 .text.z_swap$isra$14
                0x00000000400827b4       0x2d zephyr/kernel/libkernel.a(sched.c.obj)
                                         0x35 (size before relaxing)
 *fill*         0x00000000400827e1        0x3 
 .text.k_sched_time_slice_set
                0x00000000400827e4       0x2d zephyr/kernel/libkernel.a(sched.c.obj)
                0x00000000400827e4                k_sched_time_slice_set
 *fill*         0x0000000040082811        0x3 
 .text.z_reschedule
                0x0000000040082814       0x2c zephyr/kernel/libkernel.a(sched.c.obj)
                0x0000000040082814                z_reschedule
 .text.z_reschedule_irqlock
                0x0000000040082840       0x24 zephyr/kernel/libkernel.a(sched.c.obj)
                0x0000000040082840                z_reschedule_irqlock
 .text.z_reschedule_unlocked
                0x0000000040082864        0xb zephyr/kernel/libkernel.a(sched.c.obj)
                                          0xe (size before relaxing)
 *fill*         0x000000004008286f        0x1 
 .text.k_sched_lock
                0x0000000040082870       0x1b zephyr/kernel/libkernel.a(sched.c.obj)
                0x0000000040082870                k_sched_lock
 *fill*         0x000000004008288b        0x1 
 .text.z_get_next_switch_handle
                0x000000004008288c       0x19 zephyr/kernel/libkernel.a(sched.c.obj)
                0x000000004008288c                z_get_next_switch_handle
 *fill*         0x00000000400828a5        0x3 
 .text.update_cache
                0x00000000400828a8       0x4a zephyr/kernel/libkernel.a(sched.c.obj)
 *fill*         0x00000000400828f2        0x2 
 .text.k_sched_unlock
                0x00000000400828f4       0x26 zephyr/kernel/libkernel.a(sched.c.obj)
                                         0x2a (size before relaxing)
                0x00000000400828f4                k_sched_unlock
 *fill*         0x000000004008291a        0x2 
 .text.ready_thread
                0x000000004008291c       0x7a zephyr/kernel/libkernel.a(sched.c.obj)
 *fill*         0x0000000040082996        0x2 
 .text.z_ready_thread
                0x0000000040082998       0x13 zephyr/kernel/libkernel.a(sched.c.obj)
                                         0x16 (size before relaxing)
                0x0000000040082998                z_ready_thread
 *fill*         0x00000000400829ab        0x1 
 .text.z_thread_timeout
                0x00000000400829ac       0x3e zephyr/kernel/libkernel.a(sched.c.obj)
                                         0x42 (size before relaxing)
                0x00000000400829ac                z_thread_timeout
 *fill*         0x00000000400829ea        0x2 
 .text.z_sched_start
                0x00000000400829ec       0x32 zephyr/kernel/libkernel.a(sched.c.obj)
                                         0x36 (size before relaxing)
                0x00000000400829ec                z_sched_start
 *fill*         0x0000000040082a1e        0x2 
 .text.z_move_thread_to_end_of_prio_q
                0x0000000040082a20       0x7c zephyr/kernel/libkernel.a(sched.c.obj)
                0x0000000040082a20                z_move_thread_to_end_of_prio_q
 .text.z_time_slice
                0x0000000040082a9c       0x4f zephyr/kernel/libkernel.a(sched.c.obj)
                                         0x53 (size before relaxing)
                0x0000000040082a9c                z_time_slice
 *fill*         0x0000000040082aeb        0x1 
 .text.z_impl_k_thread_suspend
                0x0000000040082aec       0x4f zephyr/kernel/libkernel.a(sched.c.obj)
                                         0x5b (size before relaxing)
                0x0000000040082aec                z_impl_k_thread_suspend
 *fill*         0x0000000040082b3b        0x1 
 .text.z_thread_single_abort
                0x0000000040082b3c       0xb0 zephyr/kernel/libkernel.a(sched.c.obj)
                                         0xc4 (size before relaxing)
                0x0000000040082b3c                z_thread_single_abort
 .text.unready_thread
                0x0000000040082bec       0x2f zephyr/kernel/libkernel.a(sched.c.obj)
                                         0x33 (size before relaxing)
 *fill*         0x0000000040082c1b        0x1 
 .text.z_remove_thread_from_ready_q
                0x0000000040082c1c       0x13 zephyr/kernel/libkernel.a(sched.c.obj)
                                         0x16 (size before relaxing)
                0x0000000040082c1c                z_remove_thread_from_ready_q
 *fill*         0x0000000040082c2f        0x1 
 .text.z_tick_sleep$part$23
                0x0000000040082c30       0x45 zephyr/kernel/libkernel.a(sched.c.obj)
                                         0x51 (size before relaxing)
 *fill*         0x0000000040082c75        0x3 
 .text.add_to_waitq_locked
                0x0000000040082c78       0x52 zephyr/kernel/libkernel.a(sched.c.obj)
                                         0x56 (size before relaxing)
 *fill*         0x0000000040082cca        0x2 
 .text.pend     0x0000000040082ccc       0x2a zephyr/kernel/libkernel.a(sched.c.obj)
                                         0x2e (size before relaxing)
 *fill*         0x0000000040082cf6        0x2 
 .text.z_pend_curr
                0x0000000040082cf8       0x1c zephyr/kernel/libkernel.a(sched.c.obj)
                                         0x20 (size before relaxing)
                0x0000000040082cf8                z_pend_curr
 .text.z_unpend_first_thread
                0x0000000040082d14       0x3a zephyr/kernel/libkernel.a(sched.c.obj)
                                         0x42 (size before relaxing)
                0x0000000040082d14                z_unpend_first_thread
 *fill*         0x0000000040082d4e        0x2 
 .text.z_sched_init
                0x0000000040082d50       0x1a zephyr/kernel/libkernel.a(sched.c.obj)
                0x0000000040082d50                z_sched_init
 *fill*         0x0000000040082d6a        0x2 
 .text.z_impl_k_yield
                0x0000000040082d6c       0x7e zephyr/kernel/libkernel.a(sched.c.obj)
                                         0x86 (size before relaxing)
                0x0000000040082d6c                z_impl_k_yield
 *fill*         0x0000000040082dea        0x2 
 .text.z_impl_k_sleep
                0x0000000040082dec       0x41 zephyr/kernel/libkernel.a(sched.c.obj)
                                         0x49 (size before relaxing)
                0x0000000040082dec                z_impl_k_sleep
 *fill*         0x0000000040082e2d        0x3 
 .text.z_impl_k_current_get
                0x0000000040082e30        0xa zephyr/kernel/libkernel.a(sched.c.obj)
                0x0000000040082e30                z_impl_k_current_get
 *fill*         0x0000000040082e3a        0x2 
 .text.z_impl_k_sem_give
                0x0000000040082e3c       0x3a zephyr/kernel/libkernel.a(sem.c.obj)
                                         0x3e (size before relaxing)
                0x0000000040082e3c                z_impl_k_sem_give
 *fill*         0x0000000040082e76        0x2 
 .text.z_impl_k_sem_take
                0x0000000040082e78       0x3a zephyr/kernel/libkernel.a(sem.c.obj)
                                         0x3d (size before relaxing)
                0x0000000040082e78                z_impl_k_sem_take
 *fill*         0x0000000040082eb2        0x2 
 .text.z_setup_new_thread
                0x0000000040082eb4       0x55 zephyr/kernel/libkernel.a(thread.c.obj)
                                         0x59 (size before relaxing)
                0x0000000040082eb4                z_setup_new_thread
 *fill*         0x0000000040082f09        0x3 
 .text.z_init_static_threads
                0x0000000040082f0c       0x78 zephyr/kernel/libkernel.a(thread.c.obj)
                                         0x86 (size before relaxing)
                0x0000000040082f0c                z_init_static_threads
 *fill*         0x0000000040082f84        0x0 
 .text.z_impl_k_thread_abort
                0x0000000040082f84       0x45 zephyr/kernel/libkernel.a(thread_abort.c.obj)
                                         0x54 (size before relaxing)
                0x0000000040082f84                z_impl_k_thread_abort
 *fill*         0x0000000040082fc9        0x3 
 .text.elapsed  0x0000000040082fcc       0x14 zephyr/kernel/libkernel.a(timeout.c.obj)
                                         0x18 (size before relaxing)
 .text.remove_timeout
                0x0000000040082fe0       0x38 zephyr/kernel/libkernel.a(timeout.c.obj)
 .text.next_timeout
                0x0000000040083018       0x28 zephyr/kernel/libkernel.a(timeout.c.obj)
                                         0x2c (size before relaxing)
 .text.z_add_timeout
                0x0000000040083040      0x142 zephyr/kernel/libkernel.a(timeout.c.obj)
                                        0x14a (size before relaxing)
                0x0000000040083040                z_add_timeout
 *fill*         0x0000000040083182        0x2 
 .text.z_abort_timeout
                0x0000000040083184       0x1e zephyr/kernel/libkernel.a(timeout.c.obj)
                                         0x22 (size before relaxing)
                0x0000000040083184                z_abort_timeout
 *fill*         0x00000000400831a2        0x2 
 .text.z_get_next_timeout_expiry
                0x00000000400831a4       0x13 zephyr/kernel/libkernel.a(timeout.c.obj)
                                         0x16 (size before relaxing)
                0x00000000400831a4                z_get_next_timeout_expiry
 *fill*         0x00000000400831b7        0x1 
 .text.z_set_timeout_expiry
                0x00000000400831b8       0x3c zephyr/kernel/libkernel.a(timeout.c.obj)
                0x00000000400831b8                z_set_timeout_expiry
 .text.z_clock_announce
                0x00000000400831f4       0xb5 zephyr/kernel/libkernel.a(timeout.c.obj)
                                         0xc1 (size before relaxing)
                0x00000000400831f4                z_clock_announce
 *fill*         0x00000000400832a9        0x3 
 .text.z_tick_get
                0x00000000400832ac       0x26 zephyr/kernel/libkernel.a(timeout.c.obj)
                0x00000000400832ac                z_tick_get
 *fill*         0x00000000400832d2        0x2 
 .text.z_tick_get_32
                0x00000000400832d4        0xa zephyr/kernel/libkernel.a(timeout.c.obj)
                                          0xd (size before relaxing)
                0x00000000400832d4                z_tick_get_32
 *fill*         0x00000000400832de        0x2 
 .text.idle     0x00000000400832e0       0x1b zephyr/kernel/libkernel.a(idle.c.obj)
                                         0x25 (size before relaxing)
                0x00000000400832e0                idle
 *fill*         0x00000000400832fb        0x1 
 .text.k_heap_init
                0x00000000400832fc       0x17 zephyr/kernel/libkernel.a(kheap.c.obj)
                0x00000000400832fc                k_heap_init
 *fill*         0x0000000040083313        0x1 
 .text.statics_init
                0x0000000040083314       0x22 zephyr/kernel/libkernel.a(kheap.c.obj)
 *fill*         0x0000000040083336        0x0 
 *fill*         0x0000000040083336        0x2 
 .text.i2c_write$constprop$1
                0x0000000040083338       0x20 app/libapp.a(main.c.obj)
 .text.i2c_read$constprop$0
                0x0000000040083358       0x20 app/libapp.a(main.c.obj)
 *fill*         0x0000000040083378        0x0 
 *fill*         0x0000000040083378        0x0 
 *fill*         0x0000000040083378        0x0 
 *fill*         0x0000000040083378        0x0 
 *fill*         0x0000000040083378        0x0 
 *fill*         0x0000000040083378        0x0 
 *fill*         0x0000000040083378        0x0 
 *fill*         0x0000000040083378        0x0 
 .text._ConfigAbsSyms
                0x0000000040083378        0x5 zephyr/libzephyr.a(configs.c.obj)
                0x0000000040083378                _ConfigAbsSyms
 *fill*         0x000000004008337d        0x0 
 *fill*         0x000000004008337d        0x0 
 *fill*         0x000000004008337d        0x0 
 *fill*         0x000000004008337d        0x0 
 *fill*         0x000000004008337d        0x0 
 *fill*         0x000000004008337d        0x0 
 *fill*         0x000000004008337d        0x0 
 *fill*         0x000000004008337d        0x0 
 *fill*         0x000000004008337d        0x0 
 *fill*         0x000000004008337d        0x0 
 *fill*         0x000000004008337d        0x0 
 *fill*         0x000000004008337d        0x0 
 *fill*         0x000000004008337d        0x0 
 *fill*         0x000000004008337d        0x0 
 *fill*         0x000000004008337d        0x3 
 .text.arch_cpu_idle
                0x0000000040083380        0x8 zephyr/arch/arch/xtensa/core/libarch__xtensa__core.a(cpu_idle.c.obj)
                0x0000000040083380                arch_cpu_idle
 *fill*         0x0000000040083388        0x0 
 *fill*         0x0000000040083388        0x0 
 *fill*         0x0000000040083388        0x0 
 *fill*         0x0000000040083388        0x0 
 *fill*         0x0000000040083388        0x0 
 .text.z_xtensa_dump_stack
                0x0000000040083388        0x5 zephyr/arch/arch/xtensa/core/libarch__xtensa__core.a(xtensa-asm2.c.obj)
                0x0000000040083388                z_xtensa_dump_stack
 *fill*         0x000000004008338d        0x0 
 *fill*         0x000000004008338d        0x0 
 *fill*         0x000000004008338d        0x0 
 *fill*         0x000000004008338d        0x0 
 *fill*         0x000000004008338d        0x3 
 .text.strcmp   0x0000000040083390       0x1b zephyr/lib/libc/minimal/liblib__libc__minimal.a(string.c.obj)
                0x0000000040083390                strcmp
 *fill*         0x00000000400833ab        0x1 
 .text.memset   0x00000000400833ac       0x56 zephyr/lib/libc/minimal/liblib__libc__minimal.a(string.c.obj)
                0x00000000400833ac                memset
 *fill*         0x0000000040083402        0x2 
 .text._stdout_hook_default
                0x0000000040083404        0x7 zephyr/lib/libc/minimal/liblib__libc__minimal.a(stdout_console.c.obj)
 *fill*         0x000000004008340b        0x0 
 *fill*         0x000000004008340b        0x1 
 .text.gpio_esp32_port_get_raw
                0x000000004008340c       0x12 zephyr/drivers/gpio/libdrivers__gpio.a(gpio_esp32.c.obj)
 *fill*         0x000000004008341e        0x2 
 .text.gpio_esp32_port_set_masked_raw
                0x0000000040083420       0x27 zephyr/drivers/gpio/libdrivers__gpio.a(gpio_esp32.c.obj)
 *fill*         0x0000000040083447        0x1 
 .text.gpio_esp32_port_set_bits_raw
                0x0000000040083448       0x10 zephyr/drivers/gpio/libdrivers__gpio.a(gpio_esp32.c.obj)
 .text.gpio_esp32_port_clear_bits_raw
                0x0000000040083458       0x10 zephyr/drivers/gpio/libdrivers__gpio.a(gpio_esp32.c.obj)
 .text.gpio_esp32_port_toggle_bits
                0x0000000040083468       0x21 zephyr/drivers/gpio/libdrivers__gpio.a(gpio_esp32.c.obj)
 *fill*         0x0000000040083489        0x0 
 *fill*         0x0000000040083489        0x3 
 .text.gpio_esp32_manage_callback
                0x000000004008348c       0x5e zephyr/drivers/gpio/libdrivers__gpio.a(gpio_esp32.c.obj)
 *fill*         0x00000000400834ea        0x2 
 .text.gpio_esp32_fire_callbacks
                0x00000000400834ec       0x33 zephyr/drivers/gpio/libdrivers__gpio.a(gpio_esp32.c.obj)
 *fill*         0x000000004008351f        0x0 
 *fill*         0x000000004008351f        0x0 
 *fill*         0x000000004008351f        0x0 
 *fill*         0x000000004008351f        0x1 
 .text.i2c_esp32_connect_irq_0
                0x0000000040083520        0x5 zephyr/drivers/i2c/libdrivers__i2c.a(i2c_esp32.c.obj)
 *fill*         0x0000000040083525        0x0 
 *fill*         0x0000000040083525        0x0 
 *fill*         0x0000000040083525        0x0 
 *fill*         0x0000000040083525        0x0 
 *fill*         0x0000000040083525        0x0 
 *fill*         0x0000000040083525        0x0 
 *fill*         0x0000000040083525        0x3 
 .text.uart_esp32_poll_in
                0x0000000040083528       0x1f zephyr/drivers/serial/libdrivers__serial.a(uart_esp32.c.obj)
 *fill*         0x0000000040083547        0x1 
 .text.uart_esp32_poll_out
                0x0000000040083548       0x1f zephyr/drivers/serial/libdrivers__serial.a(uart_esp32.c.obj)
 *fill*         0x0000000040083567        0x1 
 .text.uart_esp32_err_check
                0x0000000040083568       0x1f zephyr/drivers/serial/libdrivers__serial.a(uart_esp32.c.obj)
 *fill*         0x0000000040083587        0x1 
 .text.uart_esp32_config_get
                0x0000000040083588       0x59 zephyr/drivers/serial/libdrivers__serial.a(uart_esp32.c.obj)
 *fill*         0x00000000400835e1        0x0 
 *fill*         0x00000000400835e1        0x0 
 *fill*         0x00000000400835e1        0x0 
 *fill*         0x00000000400835e1        0x3 
 .text.arch_system_halt
                0x00000000400835e4        0x9 zephyr/kernel/libkernel.a(fatal.c.obj)
                0x00000000400835e4                arch_system_halt
 *fill*         0x00000000400835ed        0x0 
 *fill*         0x00000000400835ed        0x3 
 .text.sys_dlist_remove
                0x00000000400835f0       0x13 zephyr/kernel/libkernel.a(sched.c.obj)
 *fill*         0x0000000040083603        0x0 
 *fill*         0x0000000040083603        0x0 
 *fill*         0x0000000040083603        0x0 
 *fill*         0x0000000040083603        0x0 
 *fill*         0x0000000040083603        0x0 
 *fill*         0x0000000040083603        0x0 
 *fill*         0x0000000040083603        0x0 
 *fill*         0x0000000040083603        0x1 
 .text.z_priq_dumb_best
                0x0000000040083604       0x10 zephyr/kernel/libkernel.a(sched.c.obj)
                0x0000000040083604                z_priq_dumb_best
 *fill*         0x0000000040083614        0x0 
 *fill*         0x0000000040083614        0x0 
 *fill*         0x0000000040083614        0x0 
 *fill*         0x0000000040083614        0x0 
 *fill*         0x0000000040083614        0x0 
 *fill*         0x0000000040083614        0x0 
 *fill*         0x0000000040083614        0x0 
 *fill*         0x0000000040083614        0x0 
 *fill*         0x0000000040083614        0x0 
 *fill*         0x0000000040083614        0x0 
 *fill*         0x0000000040083614        0x0 
 *fill*         0x0000000040083614        0x0 
 *fill*         0x0000000040083614        0x0 
 *fill*         0x0000000040083614        0x0 
 *fill*         0x0000000040083614        0x0 
 *fill*         0x0000000040083614        0x0 
 *fill*         0x0000000040083614        0x0 
 *fill*         0x0000000040083614        0x0 
 .text.z_impl_k_sem_init
                0x0000000040083614       0x24 zephyr/kernel/libkernel.a(sem.c.obj)
                0x0000000040083614                z_impl_k_sem_init
 *fill*         0x0000000040083638        0x0 
 *fill*         0x0000000040083638        0x0 
 *fill*         0x0000000040083638        0x0 
 *fill*         0x0000000040083638        0x0 
 *fill*         0x0000000040083638        0x0 
 *fill*         0x0000000040083638        0x0 
 *fill*         0x0000000040083638        0x0 
 *fill*         0x0000000040083638        0x0 
 *fill*         0x0000000040083638        0x0 
 *fill*         0x0000000040083638        0x0 
 *fill*         0x0000000040083638        0x0 
 *fill*         0x0000000040083638        0x0 
 *fill*         0x0000000040083638        0x0 
 .text._OffsetAbsSyms
                0x0000000040083638        0x5 zephyr/CMakeFiles/offsets.dir/./arch/xtensa/core/offsets/offsets.c.obj
                0x0000000040083638                _OffsetAbsSyms
 *fill*         0x000000004008363d        0x3 
 .text          0x0000000040083640      0x26e /home/alex/.espressif/tools/xtensa-esp32-elf/esp-2020r3-8.4.0/xtensa-esp32-elf/bin/../lib/gcc/xtensa-esp32-elf/8.4.0/libgcc.a(_udivdi3.o)
                0x0000000040083640                __udivdi3
 *fill*         0x00000000400838ae        0x2 
 .text          0x00000000400838b0      0x272 /home/alex/.espressif/tools/xtensa-esp32-elf/esp-2020r3-8.4.0/xtensa-esp32-elf/bin/../lib/gcc/xtensa-esp32-elf/8.4.0/libgcc.a(_umoddi3.o)
                0x00000000400838b0                __umoddi3
                0x0000000040083b22                _iram_text_end = ABSOLUTE (.)

.dram0.data     0x000000003ffb0088       0x8c
                0x000000003ffb0088                _data_start = ABSOLUTE (.)
 *(SORT_BY_ALIGNMENT(.data))
 *(SORT_BY_ALIGNMENT(.data.*))
 .data._char_out
                0x000000003ffb0088        0x4 zephyr/libzephyr.a(printk.c.obj)
                0x000000003ffb0088                _char_out
 .data.api_funcs
                0x000000003ffb008c       0x10 zephyr/libzephyr.a(pinmux_esp32.c.obj)
 .data._stdout_hook
                0x000000003ffb009c        0x4 zephyr/lib/libc/minimal/liblib__libc__minimal.a(stdout_console.c.obj)
 .data.gpio_1_cfg
                0x000000003ffb00a0        0x4 zephyr/drivers/gpio/libdrivers__gpio.a(gpio_esp32.c.obj)
 .data.gpio_0_cfg
                0x000000003ffb00a4        0x4 zephyr/drivers/gpio/libdrivers__gpio.a(gpio_esp32.c.obj)
 .data.gpio_1_data
                0x000000003ffb00a8       0x2c zephyr/drivers/gpio/libdrivers__gpio.a(gpio_esp32.c.obj)
 .data.gpio_0_data
                0x000000003ffb00d4       0x2c zephyr/drivers/gpio/libdrivers__gpio.a(gpio_esp32.c.obj)
 .data.uart_esp32_data_0
                0x000000003ffb0100        0xc zephyr/drivers/serial/libdrivers__serial.a(uart_esp32.c.obj)
 .data.timeout_list
                0x000000003ffb010c        0x8 zephyr/kernel/libkernel.a(timeout.c.obj)
 *(SORT_BY_ALIGNMENT(.gnu.linkonce.d.*))
 *(SORT_BY_ALIGNMENT(.data1))
 *(SORT_BY_ALIGNMENT(.sdata))
 *(SORT_BY_ALIGNMENT(.sdata.*))
 *(SORT_BY_ALIGNMENT(.gnu.linkonce.s.*))
 *(SORT_BY_ALIGNMENT(.sdata2))
 *(SORT_BY_ALIGNMENT(.sdata2.*))
 *(SORT_BY_ALIGNMENT(.gnu.linkonce.s2.*))
 *(SORT_BY_ALIGNMENT(.jcr))
 *(SORT_BY_ALIGNMENT(.dram1) SORT_BY_ALIGNMENT(.dram1.*))
                0x000000003ffb0114                _data_end = ABSOLUTE (.)
                0x000000003ffb0114                . = ALIGN (0x4)

rodata          0x000000003ffb0114      0x418
                0x000000003ffb0114                _rodata_start = ABSOLUTE (.)
 *(SORT_BY_ALIGNMENT(.rodata))
 *(SORT_BY_ALIGNMENT(.rodata.*))
 .rodata.esp32_clock_config0
                0x000000003ffb0114       0x10 zephyr/libzephyr.a(clock_control_esp32.c.obj)
 .rodata.clock_control_esp32_api
                0x000000003ffb0124       0x14 zephyr/libzephyr.a(clock_control_esp32.c.obj)
 .rodata.xtal_freq
                0x000000003ffb0138        0x8 zephyr/libzephyr.a(clock_control_esp32.c.obj)
 .rodata.clock_control_regs
                0x000000003ffb0140       0x18 zephyr/libzephyr.a(clock_control_esp32.c.obj)
                0x000000003ffb0140                clock_control_regs
 .rodata.gpio_esp32_driver
                0x000000003ffb0158       0x24 zephyr/drivers/gpio/libdrivers__gpio.a(gpio_esp32.c.obj)
 .rodata.speed_to_freq_tbl$5446
                0x000000003ffb017c       0x18 zephyr/drivers/i2c/libdrivers__i2c.a(i2c_esp32.c.obj)
 .rodata.i2c_esp32_config_0
                0x000000003ffb0194       0x3c zephyr/drivers/i2c/libdrivers__i2c.a(i2c_esp32.c.obj)
 .rodata.i2c_esp32_driver_api
                0x000000003ffb01d0       0x14 zephyr/drivers/i2c/libdrivers__i2c.a(i2c_esp32.c.obj)
 .rodata.uart_esp32_cfg_port_0
                0x000000003ffb01e4       0x38 zephyr/drivers/serial/libdrivers__serial.a(uart_esp32.c.obj)
 .rodata.uart_esp32_api
                0x000000003ffb021c       0x14 zephyr/drivers/serial/libdrivers__serial.a(uart_esp32.c.obj)
 .rodata.levels$4253
                0x000000003ffb0230       0x14 zephyr/kernel/libkernel.a(device.c.obj)
 .rodata.main.str1.1
                0x000000003ffb0244      0x176 app/libapp.a(main.c.obj)
 .rodata.print_digits.str1.1
                0x000000003ffb03ba       0x11 zephyr/libzephyr.a(printk.c.obj)
 .rodata.uart_console_init.str1.1
                0x000000003ffb03cb        0x7 zephyr/libzephyr.a(uart_console.c.obj)
 .rodata.str1.1
                0x000000003ffb03d2        0x4 zephyr/libzephyr.a(clock_control_esp32.c.obj)
 .rodata.pll_config
                0x000000003ffb03d6       0x1e zephyr/libzephyr.a(clock_control_esp32.c.obj)
                0x000000003ffb03d6                pll_config
 .rodata.offs$4268
                0x000000003ffb03f4        0x6 zephyr/libzephyr.a(pinmux_esp32.c.obj)
 .rodata.str1.1
                0x000000003ffb03fa        0x7 zephyr/libzephyr.a(pinmux_esp32.c.obj)
 .rodata.pin_mux_off
                0x000000003ffb0401       0x28 zephyr/libzephyr.a(pinmux_esp32.c.obj)
 .rodata.str1.1
                0x000000003ffb0429        0xa zephyr/libzephyr.a(sys_clock_init.c.obj)
 .rodata.gpio_esp32_init.str1.1
                0x000000003ffb0433        0x7 zephyr/drivers/gpio/libdrivers__gpio.a(gpio_esp32.c.obj)
 .rodata.str1.1
                0x000000003ffb0433        0xe zephyr/drivers/gpio/libdrivers__gpio.a(gpio_esp32.c.obj)
 .rodata.i2c_esp32_configure_pins.str1.1
                0x000000003ffb0441        0xe zephyr/drivers/i2c/libdrivers__i2c.a(i2c_esp32.c.obj)
 .rodata.str1.1
                0x000000003ffb0441        0xa zephyr/drivers/i2c/libdrivers__i2c.a(i2c_esp32.c.obj)
 .rodata.str1.1
                0x000000003ffb0441        0xb zephyr/drivers/serial/libdrivers__serial.a(uart_esp32.c.obj)
 .rodata.bg_thread_main.str1.1
                0x000000003ffb0441       0x43 zephyr/kernel/libkernel.a(init.c.obj)
                                         0x44 (size before relaxing)
 .rodata.z_cstart.str1.1
                0x000000003ffb0484        0x5 zephyr/kernel/libkernel.a(init.c.obj)
 *(SORT_BY_ALIGNMENT(.gnu.linkonce.r.*))
 *(SORT_BY_ALIGNMENT(.rodata1))
                0x000000003ffb0489                __XT_EXCEPTION_TABLE__ = ABSOLUTE (.)
 *(SORT_BY_ALIGNMENT(.xt_except_table))
 *(SORT_BY_ALIGNMENT(.gcc_except_table) SORT_BY_ALIGNMENT(.gcc_except_table.*))
 *(SORT_BY_ALIGNMENT(.gnu.linkonce.e.*))
 *(SORT_BY_ALIGNMENT(.gnu.version_r))
 *(SORT_BY_ALIGNMENT(.eh_frame))
 *fill*         0x000000003ffb0489        0x3 
 .eh_frame      0x000000003ffb048c       0x28 /home/alex/.espressif/tools/xtensa-esp32-elf/esp-2020r3-8.4.0/xtensa-esp32-elf/bin/../lib/gcc/xtensa-esp32-elf/8.4.0/libgcc.a(_divdi3.o)
 .eh_frame      0x000000003ffb04b4       0x28 /home/alex/.espressif/tools/xtensa-esp32-elf/esp-2020r3-8.4.0/xtensa-esp32-elf/bin/../lib/gcc/xtensa-esp32-elf/8.4.0/libgcc.a(_moddi3.o)
 .eh_frame      0x000000003ffb04dc       0x28 /home/alex/.espressif/tools/xtensa-esp32-elf/esp-2020r3-8.4.0/xtensa-esp32-elf/bin/../lib/gcc/xtensa-esp32-elf/8.4.0/libgcc.a(_udivdi3.o)
 .eh_frame      0x000000003ffb0504       0x28 /home/alex/.espressif/tools/xtensa-esp32-elf/esp-2020r3-8.4.0/xtensa-esp32-elf/bin/../lib/gcc/xtensa-esp32-elf/8.4.0/libgcc.a(_umoddi3.o)
 *crtbegin.o(SORT_BY_ALIGNMENT(.ctors))
 *(SORT_BY_ALIGNMENT(EXCLUDE_FILE(*crtend.o) .ctors))
 *(SORT_BY_NAME(SORT_BY_ALIGNMENT(.ctors.*)))
 *(SORT_BY_ALIGNMENT(.ctors))
 *crtbegin.o(SORT_BY_ALIGNMENT(.dtors))
 *(SORT_BY_ALIGNMENT(EXCLUDE_FILE(*crtend.o) .dtors))
 *(SORT_BY_NAME(SORT_BY_ALIGNMENT(.dtors.*)))
 *(SORT_BY_ALIGNMENT(.dtors))
                0x000000003ffb052c                __XT_EXCEPTION_DESCS__ = ABSOLUTE (.)
 *(SORT_BY_ALIGNMENT(.xt_except_desc))
 *(SORT_BY_ALIGNMENT(.gnu.linkonce.h.*))
                0x000000003ffb052c                __XT_EXCEPTION_DESCS_END__ = ABSOLUTE (.)
 *(SORT_BY_ALIGNMENT(.xt_except_desc_end))
 *(SORT_BY_ALIGNMENT(.dynamic))
 *(SORT_BY_ALIGNMENT(.gnu.version_d))
                0x000000003ffb052c                . = ALIGN (0x4)
                0x000000003ffb052c                _rodata_end = ABSOLUTE (.)

bss             0x000000003ffb0530      0x2d0
                0x000000003ffb0530                . = ALIGN (0x8)
                0x000000003ffb0530                _bss_start = ABSOLUTE (.)
 *(SORT_BY_ALIGNMENT(.dynsbss))
 *(SORT_BY_ALIGNMENT(.sbss))
 *(SORT_BY_ALIGNMENT(.sbss.*))
 *(SORT_BY_ALIGNMENT(.gnu.linkonce.sb.*))
 *(SORT_BY_ALIGNMENT(.scommon))
 *(SORT_BY_ALIGNMENT(.sbss2))
 *(SORT_BY_ALIGNMENT(.sbss2.*))
 *(SORT_BY_ALIGNMENT(.gnu.linkonce.sb2.*))
 *(SORT_BY_ALIGNMENT(.dynbss))
 *(SORT_BY_ALIGNMENT(.bss))
 *(SORT_BY_ALIGNMENT(.bss.*))
 .bss.z_idle_threads
                0x000000003ffb0530      0x180 zephyr/kernel/libkernel.a(init.c.obj)
                0x000000003ffb0530                z_idle_threads
 .bss.z_main_thread
                0x000000003ffb06b0       0xc0 zephyr/kernel/libkernel.a(init.c.obj)
                0x000000003ffb06b0                z_main_thread
 .bss.curr_tick
                0x000000003ffb0770        0x8 zephyr/kernel/libkernel.a(timeout.c.obj)
 .bss.uart_console_dev
                0x000000003ffb0778        0x4 zephyr/libzephyr.a(uart_console.c.obj)
 .bss.last_count
                0x000000003ffb077c        0x4 zephyr/libzephyr.a(xtensa_sys_timer.c.obj)
 .bss.i2c_esp32_data_0
                0x000000003ffb0780       0x2c zephyr/drivers/i2c/libdrivers__i2c.a(i2c_esp32.c.obj)
 .bss.slice_max_prio
                0x000000003ffb07ac        0x4 zephyr/kernel/libkernel.a(sched.c.obj)
 .bss.slice_time
                0x000000003ffb07b0        0x4 zephyr/kernel/libkernel.a(sched.c.obj)
 .bss._kernel   0x000000003ffb07b4       0x44 zephyr/kernel/libkernel.a(sched.c.obj)
                0x000000003ffb07b4                _kernel
 .bss.announce_remaining
                0x000000003ffb07f8        0x4 zephyr/kernel/libkernel.a(timeout.c.obj)
 .bss.isr_connected$4832
                0x000000003ffb07fc        0x1 zephyr/drivers/gpio/libdrivers__gpio.a(gpio_esp32.c.obj)
 .bss.z_sys_post_kernel
                0x000000003ffb07fd        0x1 zephyr/kernel/libkernel.a(init.c.obj)
                0x000000003ffb07fd                z_sys_post_kernel
 .bss.sched_spinlock
                0x000000003ffb07fe        0x0 zephyr/kernel/libkernel.a(sched.c.obj)
 .bss.lock      0x000000003ffb07fe        0x0 zephyr/kernel/libkernel.a(sem.c.obj)
 *(SORT_BY_ALIGNMENT(.share.mem))
 *(SORT_BY_ALIGNMENT(.gnu.linkonce.b.*))
 *(SORT_BY_ALIGNMENT(COMMON))
                0x000000003ffb0800                . = ALIGN (0x8)
 *fill*         0x000000003ffb07fe        0x2 
                0x000000003ffb0800                _bss_end = ABSOLUTE (.)

app_noinit      0x000000003ffb0800        0x0
                0x000000003ffb0800                . = ALIGN (0x8)
 *(SORT_BY_ALIGNMENT(.app_noinit))
 *(SORT_BY_ALIGNMENT(app_noinit.*))
                0x000000003ffb0800                . = ALIGN (0x8)
                0x000000003ffb0800                _app_end = ABSOLUTE (.)

noinit          0x000000003ffb0800     0x2000
                0x000000003ffb0800                . = ALIGN (0x8)
 *(SORT_BY_ALIGNMENT(.noinit))
 *(SORT_BY_ALIGNMENT(.noinit.*))
 .noinit."WEST_TOPDIR/zephyr/kernel/init.c".3
                0x000000003ffb0800      0x800 zephyr/kernel/libkernel.a(init.c.obj)
 .noinit."WEST_TOPDIR/zephyr/kernel/init.c".2
                0x000000003ffb1000      0x800 zephyr/kernel/libkernel.a(init.c.obj)
                0x000000003ffb1000                z_main_stack
 .noinit."WEST_TOPDIR/zephyr/kernel/init.c".4
                0x000000003ffb1800     0x1000 zephyr/kernel/libkernel.a(init.c.obj)
                0x000000003ffb1800                z_interrupt_stacks
                0x000000003ffb2800                . = ALIGN (0x8)
                0x000000003ffb2800                _heap_start = ABSOLUTE (.)

.intList        0x000000003ebfe010       0x38
 *(SORT_BY_ALIGNMENT(.irq_info*))
 .irq_info      0x000000003ebfe010        0x8 zephyr/arch/common/libisr_tables.a(isr_tables.c.obj)
                0x000000003ebfe010                _iheader
 *(SORT_BY_ALIGNMENT(.intList*))
 .intList       0x000000003ebfe018       0x10 zephyr/libzephyr.a(xtensa_sys_timer.c.obj)
 .intList       0x000000003ebfe028       0x10 zephyr/drivers/gpio/libdrivers__gpio.a(gpio_esp32.c.obj)
 .intList       0x000000003ebfe038       0x10 zephyr/drivers/i2c/libdrivers__i2c.a(i2c_esp32.c.obj)

.stab
 *(SORT_BY_ALIGNMENT(.stab))

.stabstr
 *(SORT_BY_ALIGNMENT(.stabstr))

.stab.excl
 *(SORT_BY_ALIGNMENT(.stab.excl))

.stab.exclstr
 *(SORT_BY_ALIGNMENT(.stab.exclstr))

.stab.index
 *(SORT_BY_ALIGNMENT(.stab.index))

.stab.indexstr
 *(SORT_BY_ALIGNMENT(.stab.indexstr))

.gnu.build.attributes
 *(SORT_BY_ALIGNMENT(.gnu.build.attributes) SORT_BY_ALIGNMENT(.gnu.build.attributes.*))

.comment        0x0000000000000000       0x25
 *(SORT_BY_ALIGNMENT(.comment))
 .comment       0x0000000000000000       0x25 app/libapp.a(main.c.obj)
                                         0x26 (size before relaxing)
 .comment       0x0000000000000025       0x26 zephyr/libzephyr.a(fdtable.c.obj)
 .comment       0x0000000000000025       0x26 zephyr/libzephyr.a(printk.c.obj)
 .comment       0x0000000000000025       0x26 zephyr/libzephyr.a(thread_entry.c.obj)
 .comment       0x0000000000000025       0x26 zephyr/libzephyr.a(heap.c.obj)
 .comment       0x0000000000000025       0x26 zephyr/libzephyr.a(configs.c.obj)
 .comment       0x0000000000000025       0x26 zephyr/libzephyr.a(soc.c.obj)
 .comment       0x0000000000000025       0x26 zephyr/libzephyr.a(uart_console.c.obj)
 .comment       0x0000000000000025       0x26 zephyr/libzephyr.a(clock_control_esp32.c.obj)
 .comment       0x0000000000000025       0x26 zephyr/libzephyr.a(pinmux_esp32.c.obj)
 .comment       0x0000000000000025       0x26 zephyr/libzephyr.a(sys_clock_init.c.obj)
 .comment       0x0000000000000025       0x26 zephyr/libzephyr.a(xtensa_sys_timer.c.obj)
 .comment       0x0000000000000025       0x26 zephyr/arch/arch/xtensa/core/libarch__xtensa__core.a(cpu_idle.c.obj)
 .comment       0x0000000000000025       0x26 zephyr/arch/arch/xtensa/core/libarch__xtensa__core.a(fatal.c.obj)
 .comment       0x0000000000000025       0x26 zephyr/arch/arch/xtensa/core/libarch__xtensa__core.a(xtensa-asm2.c.obj)
 .comment       0x0000000000000025       0x26 zephyr/lib/libc/minimal/liblib__libc__minimal.a(string.c.obj)
 .comment       0x0000000000000025       0x26 zephyr/lib/libc/minimal/liblib__libc__minimal.a(stdout_console.c.obj)
 .comment       0x0000000000000025       0x26 zephyr/drivers/gpio/libdrivers__gpio.a(gpio_esp32.c.obj)
 .comment       0x0000000000000025       0x26 zephyr/drivers/i2c/libdrivers__i2c.a(i2c_esp32.c.obj)
 .comment       0x0000000000000025       0x26 zephyr/drivers/serial/libdrivers__serial.a(uart_esp32.c.obj)
 .comment       0x0000000000000025       0x26 zephyr/kernel/libkernel.a(device.c.obj)
 .comment       0x0000000000000025       0x26 zephyr/kernel/libkernel.a(fatal.c.obj)
 .comment       0x0000000000000025       0x26 zephyr/kernel/libkernel.a(init.c.obj)
 .comment       0x0000000000000025       0x26 zephyr/kernel/libkernel.a(sched.c.obj)
 .comment       0x0000000000000025       0x26 zephyr/kernel/libkernel.a(sem.c.obj)
 .comment       0x0000000000000025       0x26 zephyr/kernel/libkernel.a(thread.c.obj)
 .comment       0x0000000000000025       0x26 zephyr/kernel/libkernel.a(thread_abort.c.obj)
 .comment       0x0000000000000025       0x26 zephyr/kernel/libkernel.a(timeout.c.obj)
 .comment       0x0000000000000025       0x26 zephyr/kernel/libkernel.a(idle.c.obj)
 .comment       0x0000000000000025       0x26 zephyr/kernel/libkernel.a(kheap.c.obj)
 .comment       0x0000000000000025       0x26 zephyr/CMakeFiles/offsets.dir/./arch/xtensa/core/offsets/offsets.c.obj
 .comment       0x0000000000000025       0x26 /home/alex/.espressif/tools/xtensa-esp32-elf/esp-2020r3-8.4.0/xtensa-esp32-elf/bin/../lib/gcc/xtensa-esp32-elf/8.4.0/libgcc.a(_divdi3.o)
 .comment       0x0000000000000025       0x26 /home/alex/.espressif/tools/xtensa-esp32-elf/esp-2020r3-8.4.0/xtensa-esp32-elf/bin/../lib/gcc/xtensa-esp32-elf/8.4.0/libgcc.a(_moddi3.o)
 .comment       0x0000000000000025       0x26 /home/alex/.espressif/tools/xtensa-esp32-elf/esp-2020r3-8.4.0/xtensa-esp32-elf/bin/../lib/gcc/xtensa-esp32-elf/8.4.0/libgcc.a(_udivdi3.o)
 .comment       0x0000000000000025       0x26 /home/alex/.espressif/tools/xtensa-esp32-elf/esp-2020r3-8.4.0/xtensa-esp32-elf/bin/../lib/gcc/xtensa-esp32-elf/8.4.0/libgcc.a(_umoddi3.o)
 .comment       0x0000000000000025       0x26 zephyr/arch/common/libisr_tables.a(isr_tables.c.obj)

.debug
 *(SORT_BY_ALIGNMENT(.debug))

.line
 *(SORT_BY_ALIGNMENT(.line))

.debug_srcinfo
 *(SORT_BY_ALIGNMENT(.debug_srcinfo))

.debug_sfnames
 *(SORT_BY_ALIGNMENT(.debug_sfnames))

.debug_aranges  0x0000000000000000      0xc00
 *(SORT_BY_ALIGNMENT(.debug_aranges))
 .debug_aranges
                0x0000000000000000       0x20 zephyr/arch/arch/xtensa/core/libarch__xtensa__core.a(window_vectors.S.obj)
 .debug_aranges